Page refreshed
Rendering to ../c/artist/mauve/q/index.html
Page refreshed
Rendering to ../c/artist/mauve/q/m/index.html
Page refreshed
Rendering to ../c/artist/mauve/e/index.html
Page refreshed
Rendering to ../c/artist/mauve/e/m/index.html
Page refreshed

C:\Users\Administrator\proj\konachan100.github.io\src>cd .. 

C:\Users\Administrator\proj\konachan100.github.io>git diff --stat 
 log.txt | 116 ++++++++++++++++++++++++++++++++--------------------------------
 1 file changed, 58 insertions(+), 58 deletions(-)

C:\Users\Administrator\proj\konachan100.github.io>git add * 

C:\Users\Administrator\proj\konachan100.github.io>git commit -m "update content" 
[master 5fa8dfd3] update content
 1 file changed, 58 insertions(+), 58 deletions(-)

C:\Users\Administrator\proj\konachan100.github.io>git push 


================================================================================
2020/03/02 周一 14:28:42.18

C:\Users\Administrator\proj\konachan100.github.io>git pull 
Already up to date.

C:\Users\Administrator\proj\konachan100.github.io>if not exist "src" git clone git@github.com:konachan100/konachan100-src.git src 

C:\Users\Administrator\proj\konachan100.github.io>cd src 

C:\Users\Administrator\proj\konachan100.github.io\src>call gen.bat 

C:\Users\Administrator\proj\konachan100.github.io\src>git pull 
Already up to date.

C:\Users\Administrator\proj\konachan100.github.io\src>python konachan100.py 
build targets:  ['s', 'q', 'e']
Build count:  198
Current build: Home[0], Categoary[14]
Loading URL: http://www.konachan.net/post.json?limit=100&tags=rating:safe
Failed, timed out
Loading URL: http://www.konachan.net/post.json?limit=100&tags=onineko
Failed, timed out

C:\Users\Administrator\proj\konachan100.github.io\src>cd .. 

C:\Users\Administrator\proj\konachan100.github.io>git diff --stat 
 log.txt | 97 ++++++++++++++++++++++++++---------------------------------------
 1 file changed, 39 insertions(+), 58 deletions(-)

C:\Users\Administrator\proj\konachan100.github.io>git add * 

C:\Users\Administrator\proj\konachan100.github.io>git commit -m "update content" 
[master b183c29e] update content
 1 file changed, 39 insertions(+), 58 deletions(-)

C:\Users\Administrator\proj\konachan100.github.io>git push 


================================================================================
2020/03/02 周一 14:35:36.11

C:\Users\Administrator\proj\konachan100.github.io>git pull 
Already up to date.

C:\Users\Administrator\proj\konachan100.github.io>if not exist "src" git clone git@github.com:konachan100/konachan100-src.git src 

C:\Users\Administrator\proj\konachan100.github.io>cd src 

C:\Users\Administrator\proj\konachan100.github.io\src>call gen.bat 

C:\Users\Administrator\proj\konachan100.github.io\src>git pull 
Already up to date.

C:\Users\Administrator\proj\konachan100.github.io\src>python konachan100.py 
build targets:  ['s', 'q', 'e']
Build count:  199
Current build: Home[1], Categoary[15]
Loading URL: http://www.konachan.net/post.json?limit=100&tags=rating:questionable
Failed, timed out
Loading URL: http://www.konachan.net/post.json?limit=100&tags=miyase_mahiro
Failed, timed out

C:\Users\Administrator\proj\konachan100.github.io\src>cd .. 

C:\Users\Administrator\proj\konachan100.github.io>git diff --stat 
 log.txt | 78 ++++++++++++++++++++++++++++++++---------------------------------
 1 file changed, 39 insertions(+), 39 deletions(-)

C:\Users\Administrator\proj\konachan100.github.io>git add * 

C:\Users\Administrator\proj\konachan100.github.io>git commit -m "update content" 
[master 6f4ac283] update content
 1 file changed, 39 insertions(+), 39 deletions(-)

C:\Users\Administrator\proj\konachan100.github.io>git push 


================================================================================
2020/03/02 周一 14:42:06.12

C:\Users\Administrator\proj\konachan100.github.io>git pull 
Already up to date.

C:\Users\Administrator\proj\konachan100.github.io>if not exist "src" git clone git@github.com:konachan100/konachan100-src.git src 

C:\Users\Administrator\proj\konachan100.github.io>cd src 

C:\Users\Administrator\proj\konachan100.github.io\src>call gen.bat 

C:\Users\Administrator\proj\konachan100.github.io\src>git pull 
Already up to date.

C:\Users\Administrator\proj\konachan100.github.io\src>python konachan100.py 
build targets:  ['s', 'q', 'e']
Build count:  200
Current build: Home[2], Categoary[16]
Loading URL: http://www.konachan.net/post.json?limit=100&tags=rating:explicit
Failed, timed out
Loading URL: http://www.konachan.net/post.json?limit=100&tags=kino_(kino_konomi)
Success, decoding JSON
update cache file  ../c/artist/kino_(kino_konomi)/cache.json
new cache size  73
show posts order by time, reverse
Rendering to ../c/artist/kino_(kino_konomi)/index.html
Page refreshed
Rendering to ../c/artist/kino_(kino_konomi)/m/index.html
Page refreshed
Rendering to ../c/artist/kino_(kino_konomi)/q/index.html
Page refreshed
Rendering to ../c/artist/kino_(kino_konomi)/q/m/index.html
Page refreshed
Rendering to ../c/artist/kino_(kino_konomi)/e/index.html
Page refreshed
Rendering to ../c/artist/kino_(kino_konomi)/e/m/index.html
Page refreshed

C:\Users\Administrator\proj\konachan100.github.io\src>cd .. 

C:\Users\Administrator\proj\konachan100.github.io>git diff --stat 
 log.txt | 93 ++++++++++++++++++++++++++++++++++++++---------------------------
 1 file changed, 54 insertions(+), 39 deletions(-)

C:\Users\Administrator\proj\konachan100.github.io>git add * 

C:\Users\Administrator\proj\konachan100.github.io>git commit -m "update content" 
[master 24bdfa0a] update content
 1 file changed, 54 insertions(+), 39 deletions(-)

C:\Users\Administrator\proj\konachan100.github.io>git push 


================================================================================
2020/03/02 周一 14:47:59.19

C:\Users\Administrator\proj\konachan100.github.io>git pull 
Already up to date.

C:\Users\Administrator\proj\konachan100.github.io>if not exist "src" git clone git@github.com:konachan100/konachan100-src.git src 

C:\Users\Administrator\proj\konachan100.github.io>cd src 

C:\Users\Administrator\proj\konachan100.github.io\src>call gen.bat 

C:\Users\Administrator\proj\konachan100.github.io\src>git pull 
Already up to date.

C:\Users\Administrator\proj\konachan100.github.io\src>python konachan100.py 
build targets:  ['s', 'q', 'e']
Build count:  201
Current build: Home[0], Categoary[17]
Loading URL: http://www.konachan.net/post.json?limit=100&tags=rating:safe
Success, decoding JSON
Rendering to ../index.html
Page refreshed
Rendering to ../m/index.html
Page refreshed
Loading URL: http://www.konachan.net/post.json?limit=100&tags=ryo
Success, decoding JSON
update cache file  ../c/artist/ryo/cache.json
new cache size  55
show posts order by time, reverse
Rendering to ../c/artist/ryo/index.html
Page refreshed
Rendering to ../c/artist/ryo/m/index.html
Page refreshed
Rendering to ../c/artist/ryo/q/index.html
Page refreshed
Rendering to ../c/artist/ryo/q/m/index.html
Page refreshed
Rendering to ../c/artist/ryo/e/index.html
Page refreshed
Rendering to ../c/artist/ryo/e/m/index.html
Page refreshed

C:\Users\Administrator\proj\konachan100.github.io\src>cd .. 

C:\Users\Administrator\proj\konachan100.github.io>git diff --stat 
 log.txt | 112 +++++++++++++++++++++++++++++++++-------------------------------
 1 file changed, 58 insertions(+), 54 deletions(-)

C:\Users\Administrator\proj\konachan100.github.io>git add * 

C:\Users\Administrator\proj\konachan100.github.io>git commit -m "update content" 
[master fb50bebd] update content
 1 file changed, 58 insertions(+), 54 deletions(-)

C:\Users\Administrator\proj\konachan100.github.io>git push 


================================================================================
2020/03/02 周一 14:53:23.17

C:\Users\Administrator\proj\konachan100.github.io>git pull 
Already up to date.

C:\Users\Administrator\proj\konachan100.github.io>if not exist "src" git clone git@github.com:konachan100/konachan100-src.git src 

C:\Users\Administrator\proj\konachan100.github.io>cd src 

C:\Users\Administrator\proj\konachan100.github.io\src>call gen.bat 

C:\Users\Administrator\proj\konachan100.github.io\src>git pull 
Already up to date.

C:\Users\Administrator\proj\konachan100.github.io\src>python konachan100.py 
build targets:  ['s', 'q', 'e']
Build count:  202
Current build: Home[1], Categoary[18]
Loading URL: http://www.konachan.net/post.json?limit=100&tags=rating:questionable
Success, decoding JSON
Rendering to ../q/index.html
Page refreshed
Rendering to ../q/m/index.html
Page refreshed
Loading URL: http://www.konachan.net/post.json?limit=100&tags=mivit
Success, decoding JSON
update cache file  ../c/artist/mivit/cache.json
new cache size  90
show posts order by time, reverse
Rendering to ../c/artist/mivit/index.html
Page refreshed
Rendering to ../c/artist/mivit/m/index.html
Page refreshed
Rendering to ../c/artist/mivit/q/index.html
Page refreshed
Rendering to ../c/artist/mivit/q/m/index.html
Page refreshed
Rendering to ../c/artist/mivit/e/index.html
Page refreshed
Rendering to ../c/artist/mivit/e/m/index.html
Page refreshed

C:\Users\Administrator\proj\konachan100.github.io\src>cd .. 

C:\Users\Administrator\proj\konachan100.github.io>git diff --stat 
 log.txt | 116 ++++++++++++++++++++++++++++++++--------------------------------
 1 file changed, 58 insertions(+), 58 deletions(-)

C:\Users\Administrator\proj\konachan100.github.io>git add * 

C:\Users\Administrator\proj\konachan100.github.io>git commit -m "update content" 
[master 082d6e99] update content
 1 file changed, 58 insertions(+), 58 deletions(-)

C:\Users\Administrator\proj\konachan100.github.io>git push 


================================================================================
2020/03/02 周一 14:58:48.13

C:\Users\Administrator\proj\konachan100.github.io>git pull 
Already up to date.

C:\Users\Administrator\proj\konachan100.github.io>if not exist "src" git clone git@github.com:konachan100/konachan100-src.git src 

C:\Users\Administrator\proj\konachan100.github.io>cd src 

C:\Users\Administrator\proj\konachan100.github.io\src>call gen.bat 

C:\Users\Administrator\proj\konachan100.github.io\src>git pull 
Already up to date.

C:\Users\Administrator\proj\konachan100.github.io\src>python konachan100.py 
build targets:  ['s', 'q', 'e']
Build count:  203
Current build: Home[2], Categoary[19]
Loading URL: http://www.konachan.net/post.json?limit=100&tags=rating:explicit
Success, decoding JSON
Rendering to ../e/index.html
Page refreshed
Rendering to ../e/m/index.html
Page refreshed
Loading URL: http://www.konachan.net/post.json?limit=100&tags=hiten_goane_ryu
Success, decoding JSON
update cache file  ../c/artist/hiten_goane_ryu/cache.json
new cache size  91
show posts order by time, reverse
Rendering to ../c/artist/hiten_goane_ryu/index.html
Page refreshed
Rendering to ../c/artist/hiten_goane_ryu/m/index.html
Page refreshed
Rendering to ../c/artist/hiten_goane_ryu/q/index.html
Page refreshed
Rendering to ../c/artist/hiten_goane_ryu/q/m/index.html
Page refreshed
Rendering to ../c/artist/hiten_goane_ryu/e/index.html
Page refreshed
Rendering to ../c/artist/hiten_goane_ryu/e/m/index.html
Page refreshed

C:\Users\Administrator\proj\konachan100.github.io\src>cd .. 

C:\Users\Administrator\proj\konachan100.github.io>git diff --stat 
 log.txt | 116 ++++++++++++++++++++++++++++++++--------------------------------
 1 file changed, 58 insertions(+), 58 deletions(-)

C:\Users\Administrator\proj\konachan100.github.io>git add * 

C:\Users\Administrator\proj\konachan100.github.io>git commit -m "update content" 
[master 93556649] update content
 1 file changed, 58 insertions(+), 58 deletions(-)

C:\Users\Administrator\proj\konachan100.github.io>git push 


================================================================================
2020/03/02 周一 15:04:14.12

C:\Users\Administrator\proj\konachan100.github.io>git pull 
Already up to date.

C:\Users\Administrator\proj\konachan100.github.io>if not exist "src" git clone git@github.com:konachan100/konachan100-src.git src 

C:\Users\Administrator\proj\konachan100.github.io>cd src 

C:\Users\Administrator\proj\konachan100.github.io\src>call gen.bat 

C:\Users\Administrator\proj\konachan100.github.io\src>git pull 
Already up to date.

C:\Users\Administrator\proj\konachan100.github.io\src>python konachan100.py 
build targets:  ['s', 'q', 'e']
Build count:  204
Current build: Home[0], Categoary[20]
Loading URL: http://www.konachan.net/post.json?limit=100&tags=rating:safe
Success, decoding JSON
Rendering to ../index.html
Page refreshed
Rendering to ../m/index.html
Page refreshed
Loading URL: http://www.konachan.net/post.json?limit=100&tags=fujisaki_hikari
Success, decoding JSON
update cache file  ../c/artist/fujisaki_hikari/cache.json
new cache size  31
show posts order by time, reverse
Rendering to ../c/artist/fujisaki_hikari/index.html
Page refreshed
Rendering to ../c/artist/fujisaki_hikari/m/index.html
Page refreshed
Rendering to ../c/artist/fujisaki_hikari/q/index.html
Page refreshed
Rendering to ../c/artist/fujisaki_hikari/q/m/index.html
Page refreshed
Rendering to ../c/artist/fujisaki_hikari/e/index.html
Page refreshed
Rendering to ../c/artist/fujisaki_hikari/e/m/index.html
Page refreshed

C:\Users\Administrator\proj\konachan100.github.io\src>cd .. 

C:\Users\Administrator\proj\konachan100.github.io>git diff --stat 
 log.txt | 116 ++++++++++++++++++++++++++++++++--------------------------------
 1 file changed, 58 insertions(+), 58 deletions(-)

C:\Users\Administrator\proj\konachan100.github.io>git add * 

C:\Users\Administrator\proj\konachan100.github.io>git commit -m "update content" 
[master 2906728e] update content
 1 file changed, 58 insertions(+), 58 deletions(-)

C:\Users\Administrator\proj\konachan100.github.io>git push 


================================================================================
2020/03/02 周一 15:09:44.15

C:\Users\Administrator\proj\konachan100.github.io>git pull 
Already up to date.

C:\Users\Administrator\proj\konachan100.github.io>if not exist "src" git clone git@github.com:konachan100/konachan100-src.git src 

C:\Users\Administrator\proj\konachan100.github.io>cd src 

C:\Users\Administrator\proj\konachan100.github.io\src>call gen.bat 

C:\Users\Administrator\proj\konachan100.github.io\src>git pull 
Already up to date.

C:\Users\Administrator\proj\konachan100.github.io\src>python konachan100.py 
build targets:  ['s', 'q', 'e']
Build count:  205
Current build: Home[1], Categoary[21]
Loading URL: http://www.konachan.net/post.json?limit=100&tags=rating:questionable
Failed, timed out
Loading URL: http://www.konachan.net/post.json?limit=100&tags=higandgk
Success, decoding JSON
update cache file  ../c/artist/higandgk/cache.json
new cache size  23
show posts order by time, reverse
Rendering to ../c/artist/higandgk/index.html
Page refreshed
Rendering to ../c/artist/higandgk/m/index.html
Page refreshed
Rendering to ../c/artist/higandgk/q/index.html
Page refreshed
Rendering to ../c/artist/higandgk/q/m/index.html
Page refreshed
Rendering to ../c/artist/higandgk/e/index.html
Page refreshed
Rendering to ../c/artist/higandgk/e/m/index.html
Page refreshed

C:\Users\Administrator\proj\konachan100.github.io\src>cd .. 

C:\Users\Administrator\proj\konachan100.github.io>git diff --stat 
 log.txt | 112 +++++++++++++++++++++++++++++++---------------------------------
 1 file changed, 54 insertions(+), 58 deletions(-)

C:\Users\Administrator\proj\konachan100.github.io>git add * 

C:\Users\Administrator\proj\konachan100.github.io>git commit -m "update content" 
[master 132c7a36] update content
 1 file changed, 54 insertions(+), 58 deletions(-)

C:\Users\Administrator\proj\konachan100.github.io>git push 


================================================================================
2020/03/02 周一 15:15:32.18

C:\Users\Administrator\proj\konachan100.github.io>git pull 
Already up to date.

C:\Users\Administrator\proj\konachan100.github.io>if not exist "src" git clone git@github.com:konachan100/konachan100-src.git src 

C:\Users\Administrator\proj\konachan100.github.io>cd src 

C:\Users\Administrator\proj\konachan100.github.io\src>call gen.bat 

C:\Users\Administrator\proj\konachan100.github.io\src>git pull 
Already up to date.

C:\Users\Administrator\proj\konachan100.github.io\src>python konachan100.py 
build targets:  ['s', 'q', 'e']
Build count:  206
Current build: Home[2], Categoary[22]
Loading URL: http://www.konachan.net/post.json?limit=100&tags=rating:explicit
Success, decoding JSON
Rendering to ../e/index.html
Page refreshed
Rendering to ../e/m/index.html
Page refreshed
Loading URL: http://www.konachan.net/post.json?limit=100&tags=lium
Success, decoding JSON
update cache file  ../c/artist/lium/cache.json
new cache size  11
show posts order by time, reverse
Rendering to ../c/artist/lium/index.html
Page refreshed
Rendering to ../c/artist/lium/m/index.html
Page refreshed
Rendering to ../c/artist/lium/q/index.html
Page refreshed
Rendering to ../c/artist/lium/q/m/index.html
Page refreshed
Rendering to ../c/artist/lium/e/index.html
Page refreshed
Rendering to ../c/artist/lium/e/m/index.html
Page refreshed

C:\Users\Administrator\proj\konachan100.github.io\src>cd .. 

C:\Users\Administrator\proj\konachan100.github.io>git diff --stat 
 c/artist/lium/post.json |   4 +-
 log.txt                 | 112 +++++++++++++++++++++++++-----------------------
 2 files changed, 60 insertions(+), 56 deletions(-)

C:\Users\Administrator\proj\konachan100.github.io>git add * 

C:\Users\Administrator\proj\konachan100.github.io>git commit -m "update content" 
[master d2082b84] update content
 2 files changed, 60 insertions(+), 56 deletions(-)

C:\Users\Administrator\proj\konachan100.github.io>git push 


================================================================================
2020/03/02 周一 15:20:54.13

C:\Users\Administrator\proj\konachan100.github.io>git pull 
Already up to date.

C:\Users\Administrator\proj\konachan100.github.io>if not exist "src" git clone git@github.com:konachan100/konachan100-src.git src 

C:\Users\Administrator\proj\konachan100.github.io>cd src 

C:\Users\Administrator\proj\konachan100.github.io\src>call gen.bat 

C:\Users\Administrator\proj\konachan100.github.io\src>git pull 
Already up to date.

C:\Users\Administrator\proj\konachan100.github.io\src>python konachan100.py 
build targets:  ['s', 'q', 'e']
Build count:  207
Current build: Home[0], Categoary[0]
Loading URL: http://www.konachan.net/post.json?limit=100&tags=rating:safe
Success, decoding JSON
Rendering to ../index.html
Page refreshed
Rendering to ../m/index.html
Page refreshed
Loading URL: http://www.konachan.net/post.json?limit=100&tags=rating:safe
Success, decoding JSON
update cache file  ../c/hot/cache.json
new cache size  619

C:\Users\Administrator\proj\konachan100.github.io\src>cd .. 

C:\Users\Administrator\proj\konachan100.github.io>git diff --stat 
