C:\Users\Administrator\proj\konachan100.github.io\src>python konachan100.py 
build targets:  ['s', 'q', 'e']
Build count:  243
Current build: Home[0], Categoary[3]
Loading URL: http://www.konachan.net/post.json?limit=100&tags=rating:safe
Success, decoding JSON
Rendering to ../index.html
Page refreshed
Rendering to ../m/index.html
Page refreshed
Skip Loading for build path  ../c/hot/
update cache file  ../c/hot/cache.json
new cache size  619
show posts order by score, reverse
Rendering to ../c/hot/index.html
Page refreshed
Rendering to ../c/hot/m/index.html
Page refreshed
Rendering to ../c/hot/q/index.html
Page refreshed
Rendering to ../c/hot/q/m/index.html
Page refreshed
Rendering to ../c/hot/e/index.html
Page refreshed
Rendering to ../c/hot/e/m/index.html
Page refreshed

C:\Users\Administrator\proj\konachan100.github.io\src>cd .. 

C:\Users\Administrator\proj\konachan100.github.io>git diff --stat 
 c/hot/e/index.html   |  174 ++++----
 c/hot/e/m/index.html |  124 +++---
 c/hot/e/post.json    |  974 +++++++++++++++++++++---------------------
 c/hot/index.html     |  194 ++++-----
 c/hot/m/index.html   |   68 +--
 c/hot/post.json      |  504 +++++++++++-----------
 c/hot/q/index.html   |  212 +++++-----
 c/hot/q/m/index.html |  152 +++----
 c/hot/q/post.json    | 1148 +++++++++++++++++++++++++-------------------------
 log.txt              |  102 +++--
 10 files changed, 1832 insertions(+), 1820 deletions(-)

C:\Users\Administrator\proj\konachan100.github.io>git add * 

C:\Users\Administrator\proj\konachan100.github.io>git commit -m "update content" 
[master f2065c95] update content
 10 files changed, 1832 insertions(+), 1820 deletions(-)

C:\Users\Administrator\proj\konachan100.github.io>git push 


================================================================================
2020/03/02 周一 18:41:17.20

C:\Users\Administrator\proj\konachan100.github.io>git pull 
Already up to date.

C:\Users\Administrator\proj\konachan100.github.io>if not exist "src" git clone git@github.com:konachan100/konachan100-src.git src 

C:\Users\Administrator\proj\konachan100.github.io>cd src 

C:\Users\Administrator\proj\konachan100.github.io\src>call gen.bat 

C:\Users\Administrator\proj\konachan100.github.io\src>git pull 
Already up to date.

C:\Users\Administrator\proj\konachan100.github.io\src>python konachan100.py 
build targets:  ['s', 'q', 'e']
Build count:  244
Current build: Home[1], Categoary[4]
Loading URL: http://www.konachan.net/post.json?limit=100&tags=rating:questionable
Success, decoding JSON
Rendering to ../q/index.html
Page refreshed
Rendering to ../q/m/index.html
Page refreshed
Loading URL: http://www.konachan.net/post.json?limit=100&tags=touhou
Success, decoding JSON
update cache file  ../c/touhou/cache.json
new cache size  107
show posts order by time, reverse
Rendering to ../c/touhou/index.html
Page refreshed
Rendering to ../c/touhou/m/index.html
Page refreshed
Rendering to ../c/touhou/q/index.html
Page refreshed
Rendering to ../c/touhou/q/m/index.html
Page refreshed
Rendering to ../c/touhou/e/index.html
Page refreshed
Rendering to ../c/touhou/e/m/index.html
Page refreshed

C:\Users\Administrator\proj\konachan100.github.io\src>cd .. 

C:\Users\Administrator\proj\konachan100.github.io>git diff --stat 
 log.txt | 133 ++++++++++++++++++++++++++++++++--------------------------------
 1 file changed, 67 insertions(+), 66 deletions(-)

C:\Users\Administrator\proj\konachan100.github.io>git add * 

C:\Users\Administrator\proj\konachan100.github.io>git commit -m "update content" 
[master 0e59aada] update content
 1 file changed, 67 insertions(+), 66 deletions(-)

C:\Users\Administrator\proj\konachan100.github.io>git push 


================================================================================
2020/03/02 周一 18:46:36.16

C:\Users\Administrator\proj\konachan100.github.io>git pull 
Already up to date.

C:\Users\Administrator\proj\konachan100.github.io>if not exist "src" git clone git@github.com:konachan100/konachan100-src.git src 

C:\Users\Administrator\proj\konachan100.github.io>cd src 

C:\Users\Administrator\proj\konachan100.github.io\src>call gen.bat 

C:\Users\Administrator\proj\konachan100.github.io\src>git pull 
Already up to date.

C:\Users\Administrator\proj\konachan100.github.io\src>python konachan100.py 
build targets:  ['s', 'q', 'e']
Build count:  245
Current build: Home[2], Categoary[5]
Loading URL: http://www.konachan.net/post.json?limit=100&tags=rating:explicit
Success, decoding JSON
Rendering to ../e/index.html
Page refreshed
Rendering to ../e/m/index.html
Page refreshed
Loading URL: http://www.konachan.net/post.json?limit=100&tags=scenic
Success, decoding JSON
update cache file  ../c/scenic/cache.json
new cache size  102
show posts order by time, reverse
Rendering to ../c/scenic/index.html
Page refreshed
Rendering to ../c/scenic/m/index.html
Page refreshed
Rendering to ../c/scenic/q/index.html
Page refreshed
Rendering to ../c/scenic/q/m/index.html
Page refreshed
Rendering to ../c/scenic/e/index.html
Page refreshed
Rendering to ../c/scenic/e/m/index.html
Page refreshed

C:\Users\Administrator\proj\konachan100.github.io\src>cd .. 

C:\Users\Administrator\proj\konachan100.github.io>git diff --stat 
 log.txt | 116 ++++++++++++++++++++++++++++++++--------------------------------
 1 file changed, 58 insertions(+), 58 deletions(-)

C:\Users\Administrator\proj\konachan100.github.io>git add * 

C:\Users\Administrator\proj\konachan100.github.io>git commit -m "update content" 
[master dc3611c7] update content
 1 file changed, 58 insertions(+), 58 deletions(-)

C:\Users\Administrator\proj\konachan100.github.io>git push 


================================================================================
2020/03/02 周一 18:51:56.11

C:\Users\Administrator\proj\konachan100.github.io>git pull 
Already up to date.

C:\Users\Administrator\proj\konachan100.github.io>if not exist "src" git clone git@github.com:konachan100/konachan100-src.git src 

C:\Users\Administrator\proj\konachan100.github.io>cd src 

C:\Users\Administrator\proj\konachan100.github.io\src>call gen.bat 

C:\Users\Administrator\proj\konachan100.github.io\src>git pull 
Already up to date.

C:\Users\Administrator\proj\konachan100.github.io\src>python konachan100.py 
build targets:  ['s', 'q', 'e']
Build count:  246
Current build: Home[0], Categoary[6]
Loading URL: http://www.konachan.net/post.json?limit=100&tags=rating:safe
Success, decoding JSON
Rendering to ../index.html
Page refreshed
Rendering to ../m/index.html
Page refreshed
Loading URL: http://www.konachan.net/post.json?limit=100&tags=natsumoka
Success, decoding JSON
update cache file  ../c/artist/natsumoka/cache.json
new cache size  20
show posts order by time, reverse
Rendering to ../c/artist/natsumoka/index.html
Page refreshed
Rendering to ../c/artist/natsumoka/m/index.html
Page refreshed
Rendering to ../c/artist/natsumoka/q/index.html
Page refreshed
Rendering to ../c/artist/natsumoka/q/m/index.html
Page refreshed
Rendering to ../c/artist/natsumoka/e/index.html
Page refreshed
Rendering to ../c/artist/natsumoka/e/m/index.html
Page refreshed

C:\Users\Administrator\proj\konachan100.github.io\src>cd .. 

C:\Users\Administrator\proj\konachan100.github.io>git diff --stat 
 log.txt | 116 ++++++++++++++++++++++++++++++++--------------------------------
 1 file changed, 58 insertions(+), 58 deletions(-)

C:\Users\Administrator\proj\konachan100.github.io>git add * 

C:\Users\Administrator\proj\konachan100.github.io>git commit -m "update content" 
[master f0da1f6e] update content
 1 file changed, 58 insertions(+), 58 deletions(-)

C:\Users\Administrator\proj\konachan100.github.io>git push 


================================================================================
2020/03/02 周一 18:57:15.14

C:\Users\Administrator\proj\konachan100.github.io>git pull 
Already up to date.

C:\Users\Administrator\proj\konachan100.github.io>if not exist "src" git clone git@github.com:konachan100/konachan100-src.git src 

C:\Users\Administrator\proj\konachan100.github.io>cd src 

C:\Users\Administrator\proj\konachan100.github.io\src>call gen.bat 

C:\Users\Administrator\proj\konachan100.github.io\src>git pull 
Already up to date.

C:\Users\Administrator\proj\konachan100.github.io\src>python konachan100.py 
build targets:  ['s', 'q', 'e']
Build count:  247
Current build: Home[1], Categoary[7]
Loading URL: http://www.konachan.net/post.json?limit=100&tags=rating:questionable
Success, decoding JSON
Rendering to ../q/index.html
Page refreshed
Rendering to ../q/m/index.html
Page refreshed
Loading URL: http://www.konachan.net/post.json?limit=100&tags=anmi
Failed, timed out

C:\Users\Administrator\proj\konachan100.github.io\src>cd .. 

C:\Users\Administrator\proj\konachan100.github.io>git diff --stat 
 log.txt | 101 +++++++++++++++++++++++++++-------------------------------------
 1 file changed, 43 insertions(+), 58 deletions(-)

C:\Users\Administrator\proj\konachan100.github.io>git add * 

C:\Users\Administrator\proj\konachan100.github.io>git commit -m "update content" 
[master f10ba833] update content
 1 file changed, 43 insertions(+), 58 deletions(-)

C:\Users\Administrator\proj\konachan100.github.io>git push 


================================================================================
2020/03/02 周一 19:03:06.12

C:\Users\Administrator\proj\konachan100.github.io>git pull 
Already up to date.

C:\Users\Administrator\proj\konachan100.github.io>if not exist "src" git clone git@github.com:konachan100/konachan100-src.git src 

C:\Users\Administrator\proj\konachan100.github.io>cd src 

C:\Users\Administrator\proj\konachan100.github.io\src>call gen.bat 

C:\Users\Administrator\proj\konachan100.github.io\src>git pull 
Already up to date.

C:\Users\Administrator\proj\konachan100.github.io\src>python konachan100.py 
build targets:  ['s', 'q', 'e']
Build count:  248
Current build: Home[2], Categoary[8]
Loading URL: http://www.konachan.net/post.json?limit=100&tags=rating:explicit
Success, decoding JSON
Rendering to ../e/index.html
Page refreshed
Rendering to ../e/m/index.html
Page refreshed
Loading URL: http://www.konachan.net/post.json?limit=100&tags=annin_doufu
Success, decoding JSON
update cache file  ../c/artist/annin_doufu/cache.json
new cache size  200
show posts order by time, reverse
Rendering to ../c/artist/annin_doufu/index.html
Page refreshed
Rendering to ../c/artist/annin_doufu/m/index.html
Page refreshed
Rendering to ../c/artist/annin_doufu/q/index.html
Page refreshed
Rendering to ../c/artist/annin_doufu/q/m/index.html
Page refreshed
Rendering to ../c/artist/annin_doufu/e/index.html
Page refreshed
Rendering to ../c/artist/annin_doufu/e/m/index.html
Page refreshed

C:\Users\Administrator\proj\konachan100.github.io\src>cd .. 

C:\Users\Administrator\proj\konachan100.github.io>git diff --stat 
 log.txt | 101 +++++++++++++++++++++++++++++++++++++---------------------------
 1 file changed, 58 insertions(+), 43 deletions(-)

C:\Users\Administrator\proj\konachan100.github.io>git add * 

C:\Users\Administrator\proj\konachan100.github.io>git commit -m "update content" 
[master 01b2660a] update content
 1 file changed, 58 insertions(+), 43 deletions(-)

C:\Users\Administrator\proj\konachan100.github.io>git push 


================================================================================
2020/03/02 周一 19:08:28.12

C:\Users\Administrator\proj\konachan100.github.io>git pull 
Already up to date.

C:\Users\Administrator\proj\konachan100.github.io>if not exist "src" git clone git@github.com:konachan100/konachan100-src.git src 

C:\Users\Administrator\proj\konachan100.github.io>cd src 

C:\Users\Administrator\proj\konachan100.github.io\src>call gen.bat 

C:\Users\Administrator\proj\konachan100.github.io\src>git pull 
Already up to date.

C:\Users\Administrator\proj\konachan100.github.io\src>python konachan100.py 
build targets:  ['s', 'q', 'e']
Build count:  249
Current build: Home[0], Categoary[9]
Loading URL: http://www.konachan.net/post.json?limit=100&tags=rating:safe
Success, decoding JSON
Rendering to ../index.html
Page refreshed
Rendering to ../m/index.html
Page refreshed
Loading URL: http://www.konachan.net/post.json?limit=100&tags=miwabe_sakura
Success, decoding JSON
update cache file  ../c/artist/miwabe_sakura/cache.json
new cache size  22
show posts order by time, reverse
Rendering to ../c/artist/miwabe_sakura/index.html
Page refreshed
Rendering to ../c/artist/miwabe_sakura/m/index.html
Page refreshed
Rendering to ../c/artist/miwabe_sakura/q/index.html
Page refreshed
Rendering to ../c/artist/miwabe_sakura/q/m/index.html
Page refreshed
Rendering to ../c/artist/miwabe_sakura/e/index.html
Page refreshed
Rendering to ../c/artist/miwabe_sakura/e/m/index.html
Page refreshed

C:\Users\Administrator\proj\konachan100.github.io\src>cd .. 

C:\Users\Administrator\proj\konachan100.github.io>git diff --stat 
 c/artist/miwabe_sakura/post.json |   4 +-
 log.txt                          | 116 +++++++++++++++++++--------------------
 2 files changed, 60 insertions(+), 60 deletions(-)

C:\Users\Administrator\proj\konachan100.github.io>git add * 

C:\Users\Administrator\proj\konachan100.github.io>git commit -m "update content" 
[master 908549d1] update content
 2 files changed, 60 insertions(+), 60 deletions(-)

C:\Users\Administrator\proj\konachan100.github.io>git push 


================================================================================
2020/03/02 周一 19:13:50.18

C:\Users\Administrator\proj\konachan100.github.io>git pull 
Already up to date.

C:\Users\Administrator\proj\konachan100.github.io>if not exist "src" git clone git@github.com:konachan100/konachan100-src.git src 

C:\Users\Administrator\proj\konachan100.github.io>cd src 

C:\Users\Administrator\proj\konachan100.github.io\src>call gen.bat 

C:\Users\Administrator\proj\konachan100.github.io\src>git pull 
Already up to date.

C:\Users\Administrator\proj\konachan100.github.io\src>python konachan100.py 
build targets:  ['s', 'q', 'e']
Build count:  250
Current build: Home[1], Categoary[10]
Loading URL: http://www.konachan.net/post.json?limit=100&tags=rating:questionable
Success, decoding JSON
Rendering to ../q/index.html
Page refreshed
Rendering to ../q/m/index.html
Page refreshed
Loading URL: http://www.konachan.net/post.json?limit=100&tags=edel_(qi--yu)
Success, decoding JSON
update cache file  ../c/artist/edel_(qi--yu)/cache.json
new cache size  5
show posts order by time, reverse
Rendering to ../c/artist/edel_(qi--yu)/index.html
Page refreshed
Rendering to ../c/artist/edel_(qi--yu)/m/index.html
Page refreshed
Rendering to ../c/artist/edel_(qi--yu)/q/index.html
Page refreshed
Rendering to ../c/artist/edel_(qi--yu)/q/m/index.html
Page refreshed
Rendering to ../c/artist/edel_(qi--yu)/e/index.html
Page refreshed
Rendering to ../c/artist/edel_(qi--yu)/e/m/index.html
Page refreshed

C:\Users\Administrator\proj\konachan100.github.io\src>cd .. 

C:\Users\Administrator\proj\konachan100.github.io>git diff --stat 
 log.txt | 118 ++++++++++++++++++++++++++++++++--------------------------------
 1 file changed, 59 insertions(+), 59 deletions(-)

C:\Users\Administrator\proj\konachan100.github.io>git add * 

C:\Users\Administrator\proj\konachan100.github.io>git commit -m "update content" 
[master d0913140] update content
 1 file changed, 59 insertions(+), 59 deletions(-)

C:\Users\Administrator\proj\konachan100.github.io>git push 


================================================================================
2020/03/02 周一 19:19:11.15

C:\Users\Administrator\proj\konachan100.github.io>git pull 
Already up to date.

C:\Users\Administrator\proj\konachan100.github.io>if not exist "src" git clone git@github.com:konachan100/konachan100-src.git src 

C:\Users\Administrator\proj\konachan100.github.io>cd src 

C:\Users\Administrator\proj\konachan100.github.io\src>call gen.bat 

C:\Users\Administrator\proj\konachan100.github.io\src>git pull 
Already up to date.

C:\Users\Administrator\proj\konachan100.github.io\src>python konachan100.py 
build targets:  ['s', 'q', 'e']
Build count:  251
Current build: Home[2], Categoary[11]
Loading URL: http://www.konachan.net/post.json?limit=100&tags=rating:explicit
Success, decoding JSON
Rendering to ../e/index.html
Page refreshed
Rendering to ../e/m/index.html
Page refreshed
Loading URL: http://www.konachan.net/post.json?limit=100&tags=sousouman
Success, decoding JSON
update cache file  ../c/artist/sousouman/cache.json
new cache size  83
show posts order by time, reverse
Rendering to ../c/artist/sousouman/index.html
Page refreshed
Rendering to ../c/artist/sousouman/m/index.html
Page refreshed
Rendering to ../c/artist/sousouman/q/index.html
Page refreshed
Rendering to ../c/artist/sousouman/q/m/index.html
Page refreshed
Rendering to ../c/artist/sousouman/e/index.html
Page refreshed
Rendering to ../c/artist/sousouman/e/m/index.html
Page refreshed

C:\Users\Administrator\proj\konachan100.github.io\src>cd .. 

C:\Users\Administrator\proj\konachan100.github.io>git diff --stat 
 c/artist/sousouman/post.json |   2 +-
 log.txt                      | 116 +++++++++++++++++++++----------------------
 2 files changed, 59 insertions(+), 59 deletions(-)

C:\Users\Administrator\proj\konachan100.github.io>git add * 

C:\Users\Administrator\proj\konachan100.github.io>git commit -m "update content" 
[master 602bb3f1] update content
 2 files changed, 59 insertions(+), 59 deletions(-)

C:\Users\Administrator\proj\konachan100.github.io>git push 


================================================================================
2020/03/02 周一 19:24:37.20

C:\Users\Administrator\proj\konachan100.github.io>git pull 
Already up to date.

C:\Users\Administrator\proj\konachan100.github.io>if not exist "src" git clone git@github.com:konachan100/konachan100-src.git src 

C:\Users\Administrator\proj\konachan100.github.io>cd src 

C:\Users\Administrator\proj\konachan100.github.io\src>call gen.bat 

C:\Users\Administrator\proj\konachan100.github.io\src>git pull 
Already up to date.

C:\Users\Administrator\proj\konachan100.github.io\src>python konachan100.py 
build targets:  ['s', 'q', 'e']
Build count:  252
Current build: Home[0], Categoary[12]
Loading URL: http://www.konachan.net/post.json?limit=100&tags=rating:safe
Success, decoding JSON
Rendering to ../index.html
Page refreshed
Rendering to ../m/index.html
Page refreshed
Loading URL: http://www.konachan.net/post.json?limit=100&tags=ke-ta
Success, decoding JSON
update cache file  ../c/artist/ke-ta/cache.json
new cache size  197
show posts order by time, reverse
Rendering to ../c/artist/ke-ta/index.html
Page refreshed
Rendering to ../c/artist/ke-ta/m/index.html
Page refreshed
Rendering to ../c/artist/ke-ta/q/index.html
Page refreshed
Rendering to ../c/artist/ke-ta/q/m/index.html
Page refreshed
Rendering to ../c/artist/ke-ta/e/index.html
Page refreshed
Rendering to ../c/artist/ke-ta/e/m/index.html
Page refreshed

C:\Users\Administrator\proj\konachan100.github.io\src>cd .. 

C:\Users\Administrator\proj\konachan100.github.io>git diff --stat 
