C:\Users\Administrator\proj\konachan100.github.io>git add * 

C:\Users\Administrator\proj\konachan100.github.io>git commit -m "update content" 
[master 86109c2a] update content
 5 files changed, 242 insertions(+), 242 deletions(-)

C:\Users\Administrator\proj\konachan100.github.io>git push 


================================================================================
2020/03/02 周一 22:28:18.18

C:\Users\Administrator\proj\konachan100.github.io>git pull 
Already up to date.

C:\Users\Administrator\proj\konachan100.github.io>if not exist "src" git clone git@github.com:konachan100/konachan100-src.git src 

C:\Users\Administrator\proj\konachan100.github.io>cd src 

C:\Users\Administrator\proj\konachan100.github.io\src>call gen.bat 

C:\Users\Administrator\proj\konachan100.github.io\src>git pull 
Already up to date.

C:\Users\Administrator\proj\konachan100.github.io\src>python konachan100.py 
build targets:  ['s', 'q', 'e']
Build count:  283
Current build: Home[1], Categoary[8]
Loading URL: http://www.konachan.net/post.json?limit=100&tags=rating:questionable
Success, decoding JSON
Rendering to ../q/index.html
Page refreshed
Rendering to ../q/m/index.html
Page refreshed
Loading URL: http://www.konachan.net/post.json?limit=100&tags=annin_doufu
Success, decoding JSON
update cache file  ../c/artist/annin_doufu/cache.json
new cache size  200
show posts order by time, reverse
Rendering to ../c/artist/annin_doufu/index.html
Page refreshed
Rendering to ../c/artist/annin_doufu/m/index.html
Page refreshed
Rendering to ../c/artist/annin_doufu/q/index.html
Page refreshed
Rendering to ../c/artist/annin_doufu/q/m/index.html
Page refreshed
Rendering to ../c/artist/annin_doufu/e/index.html
Page refreshed
Rendering to ../c/artist/annin_doufu/e/m/index.html
Page refreshed

C:\Users\Administrator\proj\konachan100.github.io\src>cd .. 

C:\Users\Administrator\proj\konachan100.github.io>git diff --stat 
 log.txt | 124 ++++++++++++++++++++++++++++++++--------------------------------
 1 file changed, 62 insertions(+), 62 deletions(-)

C:\Users\Administrator\proj\konachan100.github.io>git add * 

C:\Users\Administrator\proj\konachan100.github.io>git commit -m "update content" 
[master 9e4d7133] update content
 1 file changed, 62 insertions(+), 62 deletions(-)

C:\Users\Administrator\proj\konachan100.github.io>git push 


================================================================================
2020/03/02 周一 22:34:10.11

C:\Users\Administrator\proj\konachan100.github.io>git pull 
Already up to date.

C:\Users\Administrator\proj\konachan100.github.io>if not exist "src" git clone git@github.com:konachan100/konachan100-src.git src 

C:\Users\Administrator\proj\konachan100.github.io>cd src 

C:\Users\Administrator\proj\konachan100.github.io\src>call gen.bat 

C:\Users\Administrator\proj\konachan100.github.io\src>git pull 
Already up to date.

C:\Users\Administrator\proj\konachan100.github.io\src>python konachan100.py 
build targets:  ['s', 'q', 'e']
Build count:  284
Current build: Home[2], Categoary[9]
Loading URL: http://www.konachan.net/post.json?limit=100&tags=rating:explicit
Success, decoding JSON
Rendering to ../e/index.html
Page refreshed
Rendering to ../e/m/index.html
Page refreshed
Loading URL: http://www.konachan.net/post.json?limit=100&tags=miwabe_sakura
Success, decoding JSON
update cache file  ../c/artist/miwabe_sakura/cache.json
new cache size  22
show posts order by time, reverse
Rendering to ../c/artist/miwabe_sakura/index.html
Page refreshed
Rendering to ../c/artist/miwabe_sakura/m/index.html
Page refreshed
Rendering to ../c/artist/miwabe_sakura/q/index.html
Page refreshed
Rendering to ../c/artist/miwabe_sakura/q/m/index.html
Page refreshed
Rendering to ../c/artist/miwabe_sakura/e/index.html
Page refreshed
Rendering to ../c/artist/miwabe_sakura/e/m/index.html
Page refreshed

C:\Users\Administrator\proj\konachan100.github.io\src>cd .. 

C:\Users\Administrator\proj\konachan100.github.io>git diff --stat 
 c/artist/miwabe_sakura/post.json |   2 +-
 e/index.html                     |   2 +-
 e/m/index.html                   |   2 +-
 log.txt                          | 116 +++++++++++++++++++--------------------
 4 files changed, 61 insertions(+), 61 deletions(-)

C:\Users\Administrator\proj\konachan100.github.io>git add * 

C:\Users\Administrator\proj\konachan100.github.io>git commit -m "update content" 
[master 1bc5484d] update content
 4 files changed, 61 insertions(+), 61 deletions(-)

C:\Users\Administrator\proj\konachan100.github.io>git push 


================================================================================
2020/03/02 周一 22:39:46.16

C:\Users\Administrator\proj\konachan100.github.io>git pull 
Already up to date.

C:\Users\Administrator\proj\konachan100.github.io>if not exist "src" git clone git@github.com:konachan100/konachan100-src.git src 

C:\Users\Administrator\proj\konachan100.github.io>cd src 

C:\Users\Administrator\proj\konachan100.github.io\src>call gen.bat 

C:\Users\Administrator\proj\konachan100.github.io\src>git pull 
Already up to date.

C:\Users\Administrator\proj\konachan100.github.io\src>python konachan100.py 
build targets:  ['s', 'q', 'e']
Build count:  285
Current build: Home[0], Categoary[10]
Loading URL: http://www.konachan.net/post.json?limit=100&tags=rating:safe
Success, decoding JSON
Rendering to ../index.html
Page refreshed
Rendering to ../m/index.html
Page refreshed
Loading URL: http://www.konachan.net/post.json?limit=100&tags=edel_(qi--yu)
Success, decoding JSON
update cache file  ../c/artist/edel_(qi--yu)/cache.json
new cache size  5
show posts order by time, reverse
Rendering to ../c/artist/edel_(qi--yu)/index.html
Page refreshed
Rendering to ../c/artist/edel_(qi--yu)/m/index.html
Page refreshed
Rendering to ../c/artist/edel_(qi--yu)/q/index.html
Page refreshed
Rendering to ../c/artist/edel_(qi--yu)/q/m/index.html
Page refreshed
Rendering to ../c/artist/edel_(qi--yu)/e/index.html
Page refreshed
Rendering to ../c/artist/edel_(qi--yu)/e/m/index.html
Page refreshed

C:\Users\Administrator\proj\konachan100.github.io\src>cd .. 

C:\Users\Administrator\proj\konachan100.github.io>git diff --stat 
 index.html   |   2 +-
 log.txt      | 122 +++++++++++++++++++++++++++++------------------------------
 m/index.html |   2 +-
 3 files changed, 63 insertions(+), 63 deletions(-)

C:\Users\Administrator\proj\konachan100.github.io>git add * 

C:\Users\Administrator\proj\konachan100.github.io>git commit -m "update content" 
[master 04b37d83] update content
 3 files changed, 63 insertions(+), 63 deletions(-)

C:\Users\Administrator\proj\konachan100.github.io>git push 


================================================================================
2020/03/02 周一 22:45:10.21

C:\Users\Administrator\proj\konachan100.github.io>git pull 
Already up to date.

C:\Users\Administrator\proj\konachan100.github.io>if not exist "src" git clone git@github.com:konachan100/konachan100-src.git src 

C:\Users\Administrator\proj\konachan100.github.io>cd src 

C:\Users\Administrator\proj\konachan100.github.io\src>call gen.bat 

C:\Users\Administrator\proj\konachan100.github.io\src>git pull 
Already up to date.

C:\Users\Administrator\proj\konachan100.github.io\src>python konachan100.py 
build targets:  ['s', 'q', 'e']
Build count:  286
Current build: Home[1], Categoary[11]
Loading URL: http://www.konachan.net/post.json?limit=100&tags=rating:questionable
Success, decoding JSON
Rendering to ../q/index.html
Page refreshed
Rendering to ../q/m/index.html
Page refreshed
Loading URL: http://www.konachan.net/post.json?limit=100&tags=sousouman
Success, decoding JSON
update cache file  ../c/artist/sousouman/cache.json
new cache size  83
show posts order by time, reverse
Rendering to ../c/artist/sousouman/index.html
Page refreshed
Rendering to ../c/artist/sousouman/m/index.html
Page refreshed
Rendering to ../c/artist/sousouman/q/index.html
Page refreshed
Rendering to ../c/artist/sousouman/q/m/index.html
Page refreshed
Rendering to ../c/artist/sousouman/e/index.html
Page refreshed
Rendering to ../c/artist/sousouman/e/m/index.html
Page refreshed

C:\Users\Administrator\proj\konachan100.github.io\src>cd .. 

C:\Users\Administrator\proj\konachan100.github.io>git diff --stat 
 log.txt | 120 ++++++++++++++++++++++++++++++++--------------------------------
 1 file changed, 60 insertions(+), 60 deletions(-)

C:\Users\Administrator\proj\konachan100.github.io>git add * 

C:\Users\Administrator\proj\konachan100.github.io>git commit -m "update content" 
[master 7d027a94] update content
 1 file changed, 60 insertions(+), 60 deletions(-)

C:\Users\Administrator\proj\konachan100.github.io>git push 


================================================================================
2020/03/02 周一 22:50:52.17

C:\Users\Administrator\proj\konachan100.github.io>git pull 
Already up to date.

C:\Users\Administrator\proj\konachan100.github.io>if not exist "src" git clone git@github.com:konachan100/konachan100-src.git src 

C:\Users\Administrator\proj\konachan100.github.io>cd src 

C:\Users\Administrator\proj\konachan100.github.io\src>call gen.bat 

C:\Users\Administrator\proj\konachan100.github.io\src>git pull 
Already up to date.

C:\Users\Administrator\proj\konachan100.github.io\src>python konachan100.py 
build targets:  ['s', 'q', 'e']
Build count:  287
Current build: Home[2], Categoary[12]
Loading URL: http://www.konachan.net/post.json?limit=100&tags=rating:explicit
Success, decoding JSON
Rendering to ../e/index.html
Page refreshed
Rendering to ../e/m/index.html
Page refreshed
Loading URL: http://www.konachan.net/post.json?limit=100&tags=ke-ta
Success, decoding JSON
update cache file  ../c/artist/ke-ta/cache.json
new cache size  197
show posts order by time, reverse
Rendering to ../c/artist/ke-ta/index.html
Page refreshed
Rendering to ../c/artist/ke-ta/m/index.html
Page refreshed
Rendering to ../c/artist/ke-ta/q/index.html
Page refreshed
Rendering to ../c/artist/ke-ta/q/m/index.html
Page refreshed
Rendering to ../c/artist/ke-ta/e/index.html
Page refreshed
Rendering to ../c/artist/ke-ta/e/m/index.html
Page refreshed

C:\Users\Administrator\proj\konachan100.github.io\src>cd .. 

C:\Users\Administrator\proj\konachan100.github.io>git diff --stat 
 log.txt | 116 ++++++++++++++++++++++++++++++++--------------------------------
 1 file changed, 58 insertions(+), 58 deletions(-)

C:\Users\Administrator\proj\konachan100.github.io>git add * 

C:\Users\Administrator\proj\konachan100.github.io>git commit -m "update content" 
[master e7e2f849] update content
 1 file changed, 58 insertions(+), 58 deletions(-)

C:\Users\Administrator\proj\konachan100.github.io>git push 


================================================================================
2020/03/02 周一 22:56:19.20

C:\Users\Administrator\proj\konachan100.github.io>git pull 
Already up to date.

C:\Users\Administrator\proj\konachan100.github.io>if not exist "src" git clone git@github.com:konachan100/konachan100-src.git src 

C:\Users\Administrator\proj\konachan100.github.io>cd src 

C:\Users\Administrator\proj\konachan100.github.io\src>call gen.bat 

C:\Users\Administrator\proj\konachan100.github.io\src>git pull 
Already up to date.

C:\Users\Administrator\proj\konachan100.github.io\src>python konachan100.py 
build targets:  ['s', 'q', 'e']
Build count:  288
Current build: Home[0], Categoary[13]
Loading URL: http://www.konachan.net/post.json?limit=100&tags=rating:safe
Success, decoding JSON
Rendering to ../index.html
Page refreshed
Rendering to ../m/index.html
Page refreshed
Loading URL: http://www.konachan.net/post.json?limit=100&tags=mauve
Success, decoding JSON
update cache file  ../c/artist/mauve/cache.json
new cache size  33
show posts order by time, reverse
Rendering to ../c/artist/mauve/index.html
Page refreshed
Rendering to ../c/artist/mauve/m/index.html
Page refreshed
Rendering to ../c/artist/mauve/q/index.html
Page refreshed
Rendering to ../c/artist/mauve/q/m/index.html
Page refreshed
Rendering to ../c/artist/mauve/e/index.html
Page refreshed
Rendering to ../c/artist/mauve/e/m/index.html
Page refreshed

C:\Users\Administrator\proj\konachan100.github.io\src>cd .. 

C:\Users\Administrator\proj\konachan100.github.io>git diff --stat 
 log.txt | 116 ++++++++++++++++++++++++++++++++--------------------------------
 1 file changed, 58 insertions(+), 58 deletions(-)

C:\Users\Administrator\proj\konachan100.github.io>git add * 

C:\Users\Administrator\proj\konachan100.github.io>git commit -m "update content" 
[master f435c577] update content
 1 file changed, 58 insertions(+), 58 deletions(-)

C:\Users\Administrator\proj\konachan100.github.io>git push 


================================================================================
2020/03/02 周一 23:01:50.12

C:\Users\Administrator\proj\konachan100.github.io>git pull 
Already up to date.

C:\Users\Administrator\proj\konachan100.github.io>if not exist "src" git clone git@github.com:konachan100/konachan100-src.git src 

C:\Users\Administrator\proj\konachan100.github.io>cd src 

C:\Users\Administrator\proj\konachan100.github.io\src>call gen.bat 

C:\Users\Administrator\proj\konachan100.github.io\src>git pull 
Already up to date.

C:\Users\Administrator\proj\konachan100.github.io\src>python konachan100.py 
build targets:  ['s', 'q', 'e']
Build count:  289
Current build: Home[1], Categoary[14]
Loading URL: http://www.konachan.net/post.json?limit=100&tags=rating:questionable
Success, decoding JSON
Rendering to ../q/index.html
Page refreshed
Rendering to ../q/m/index.html
Page refreshed
Loading URL: http://www.konachan.net/post.json?limit=100&tags=onineko
Success, decoding JSON
update cache file  ../c/artist/onineko/cache.json
new cache size  56
show posts order by time, reverse
Rendering to ../c/artist/onineko/index.html
Page refreshed
Rendering to ../c/artist/onineko/m/index.html
Page refreshed
Rendering to ../c/artist/onineko/q/index.html
Page refreshed
Rendering to ../c/artist/onineko/q/m/index.html
Page refreshed
Rendering to ../c/artist/onineko/e/index.html
Page refreshed
Rendering to ../c/artist/onineko/e/m/index.html
Page refreshed

C:\Users\Administrator\proj\konachan100.github.io\src>cd .. 

C:\Users\Administrator\proj\konachan100.github.io>git diff --stat 
 log.txt        | 116 +++++++++---------
 q/index.html   | 364 ++++++++++++++++++++++++++++-----------------------------
 q/m/index.html |  24 ++--
 3 files changed, 252 insertions(+), 252 deletions(-)

C:\Users\Administrator\proj\konachan100.github.io>git add * 

C:\Users\Administrator\proj\konachan100.github.io>git commit -m "update content" 
[master 9b45669f] update content
 3 files changed, 252 insertions(+), 252 deletions(-)

C:\Users\Administrator\proj\konachan100.github.io>git push 


================================================================================
2020-03-02 23:07:25
Already up to date.


================================================================================
2020-03-02 23:07:57
Already up to date.


================================================================================
2020-03-02 23:11:38
Already up to date.


================================================================================
2020-03-02 23:24:02
Already up to date.
Already up to date.
 log.txt   | 108 +++++++++++++++++++-------------------------------------------
 run.sh    |   7 ++--
 update.sh |   4 ++-
 3 files changed, 40 insertions(+), 79 deletions(-)
[master 53e3e2ee] update content
 3 files changed, 40 insertions(+), 79 deletions(-)


================================================================================
2020-03-02 23:29:22
Already up to date.
Already up to date.
build targets:  ['s', 'q', 'e']
Build count:  290
Current build: Home[2], Categoary[15]
Loading URL: http://www.konachan.net/post.json?limit=100&tags=rating:explicit
Success, decoding JSON
Rendering to ../e/index.html
Page refreshed
Rendering to ../e/m/index.html
Page refreshed
Loading URL: http://www.konachan.net/post.json?limit=100&tags=miyase_mahiro
Failed, timed out
 log.txt | 35 +++++++++++++++++++++++------------
 1 file changed, 23 insertions(+), 12 deletions(-)
[master 97492596] update content
 1 file changed, 23 insertions(+), 12 deletions(-)


================================================================================
2020-03-02 23:35:27
Already up to date.
Already up to date.
build targets:  ['s', 'q', 'e']
Build count:  291
Current build: Home[0], Categoary[16]
Loading URL: http://www.konachan.net/post.json?limit=100&tags=rating:safe
Failed, timed out
Loading URL: http://www.konachan.net/post.json?limit=100&tags=kino_(kino_konomi)
Success, decoding JSON
update cache file  ../c/artist/kino_(kino_konomi)/cache.json
new cache size  73
show posts order by time, reverse
Rendering to ../c/artist/kino_(kino_konomi)/index.html
Page refreshed
Rendering to ../c/artist/kino_(kino_konomi)/m/index.html
Page refreshed
Rendering to ../c/artist/kino_(kino_konomi)/q/index.html
Page refreshed
Rendering to ../c/artist/kino_(kino_konomi)/q/m/index.html
Page refreshed
Rendering to ../c/artist/kino_(kino_konomi)/e/index.html
Page refreshed
Rendering to ../c/artist/kino_(kino_konomi)/e/m/index.html
Page refreshed
 log.txt | 53 ++++++++++++++++++++++++++++++++---------------------
 1 file changed, 32 insertions(+), 21 deletions(-)
[master 6a74a4fd] update content
 1 file changed, 32 insertions(+), 21 deletions(-)


================================================================================
2020-03-02 23:41:34
Already up to date.
Already up to date.
build targets:  ['s', 'q', 'e']
Build count:  292
Current build: Home[1], Categoary[17]
Loading URL: http://www.konachan.net/post.json?limit=100&tags=rating:questionable
Success, decoding JSON
Rendering to ../q/index.html
Page refreshed
Rendering to ../q/m/index.html
Page refreshed
Loading URL: http://www.konachan.net/post.json?limit=100&tags=ryo
Failed, timed out
