Success, decoding JSON
Rendering to ../e/index.html
Page refreshed
Rendering to ../e/m/index.html
Page refreshed
Loading URL: http://www.konachan.net/post.json?limit=100&tags=rating:explicit
Success, decoding JSON
update cache file  ../c/hot/cache.json
new cache size  619

C:\Users\Administrator\proj\konachan100.github.io\src>cd .. 

C:\Users\Administrator\proj\konachan100.github.io>git diff --stat 
 log.txt | 90 ++++++++++++++++++++++++++++++++---------------------------------
 1 file changed, 45 insertions(+), 45 deletions(-)

C:\Users\Administrator\proj\konachan100.github.io>git add * 

C:\Users\Administrator\proj\konachan100.github.io>git commit -m "update content" 
[master 6d453eaf] update content
 1 file changed, 45 insertions(+), 45 deletions(-)

C:\Users\Administrator\proj\konachan100.github.io>git push 


================================================================================
2020/03/02 周一 15:36:47.21

C:\Users\Administrator\proj\konachan100.github.io>git pull 
Already up to date.

C:\Users\Administrator\proj\konachan100.github.io>if not exist "src" git clone git@github.com:konachan100/konachan100-src.git src 

C:\Users\Administrator\proj\konachan100.github.io>cd src 

C:\Users\Administrator\proj\konachan100.github.io\src>call gen.bat 

C:\Users\Administrator\proj\konachan100.github.io\src>git pull 
Already up to date.

C:\Users\Administrator\proj\konachan100.github.io\src>python konachan100.py 
build targets:  ['s', 'q', 'e']
Build count:  210
Current build: Home[0], Categoary[3]
Loading URL: http://www.konachan.net/post.json?limit=100&tags=rating:safe
Success, decoding JSON
Rendering to ../index.html
Page refreshed
Rendering to ../m/index.html
Page refreshed
Skip Loading for build path  ../c/hot/
update cache file  ../c/hot/cache.json
new cache size  619
show posts order by score, reverse
Rendering to ../c/hot/index.html
Page refreshed
Rendering to ../c/hot/m/index.html
Page refreshed
Rendering to ../c/hot/q/index.html
Page refreshed
Rendering to ../c/hot/q/m/index.html
Page refreshed
Rendering to ../c/hot/e/index.html
Page refreshed
Rendering to ../c/hot/e/m/index.html
Page refreshed

C:\Users\Administrator\proj\konachan100.github.io\src>cd .. 

C:\Users\Administrator\proj\konachan100.github.io>git diff --stat 
 c/hot/e/index.html   |  306 ++++-----
 c/hot/e/m/index.html |  212 +++---
 c/hot/e/post.json    | 1566 +++++++++++++++++++++----------------------
 c/hot/index.html     |  348 +++++-----
 c/hot/m/index.html   |  200 +++---
 c/hot/post.json      | 1482 ++++++++++++++++++++--------------------
 c/hot/q/index.html   |  340 +++++-----
 c/hot/q/m/index.html |  204 +++---
 c/hot/q/post.json    | 1824 +++++++++++++++++++++++++-------------------------
 log.txt              |  102 +--
 10 files changed, 3298 insertions(+), 3286 deletions(-)

C:\Users\Administrator\proj\konachan100.github.io>git add * 

C:\Users\Administrator\proj\konachan100.github.io>git commit -m "update content" 
[master 8bf284d6] update content
 10 files changed, 3298 insertions(+), 3286 deletions(-)

C:\Users\Administrator\proj\konachan100.github.io>git push 


================================================================================
2020/03/02 周一 15:42:05.19

C:\Users\Administrator\proj\konachan100.github.io>git pull 
Already up to date.

C:\Users\Administrator\proj\konachan100.github.io>if not exist "src" git clone git@github.com:konachan100/konachan100-src.git src 

C:\Users\Administrator\proj\konachan100.github.io>cd src 

C:\Users\Administrator\proj\konachan100.github.io\src>call gen.bat 

C:\Users\Administrator\proj\konachan100.github.io\src>git pull 
Already up to date.

C:\Users\Administrator\proj\konachan100.github.io\src>python konachan100.py 
build targets:  ['s', 'q', 'e']
Build count:  211
Current build: Home[1], Categoary[4]
Loading URL: http://www.konachan.net/post.json?limit=100&tags=rating:questionable
Success, decoding JSON
Rendering to ../q/index.html
Page refreshed
Rendering to ../q/m/index.html
Page refreshed
Loading URL: http://www.konachan.net/post.json?limit=100&tags=touhou
Success, decoding JSON
update cache file  ../c/touhou/cache.json
new cache size  107
show posts order by time, reverse
Rendering to ../c/touhou/index.html
Page refreshed
Rendering to ../c/touhou/m/index.html
Page refreshed
Rendering to ../c/touhou/q/index.html
Page refreshed
Rendering to ../c/touhou/q/m/index.html
Page refreshed
Rendering to ../c/touhou/e/index.html
Page refreshed
Rendering to ../c/touhou/e/m/index.html
Page refreshed

C:\Users\Administrator\proj\konachan100.github.io\src>cd .. 

C:\Users\Administrator\proj\konachan100.github.io>git diff --stat 
 c/touhou/post.json   |   8 ++--
 c/touhou/q/post.json |   2 +-
 log.txt              | 133 ++++++++++++++++++++++++++-------------------------
 3 files changed, 72 insertions(+), 71 deletions(-)

C:\Users\Administrator\proj\konachan100.github.io>git add * 

C:\Users\Administrator\proj\konachan100.github.io>git commit -m "update content" 
[master cb1c683c] update content
 3 files changed, 76 insertions(+), 71 deletions(-)

C:\Users\Administrator\proj\konachan100.github.io>git push 


================================================================================
2020/03/02 周一 15:47:39.14

C:\Users\Administrator\proj\konachan100.github.io>git pull 
Already up to date.

C:\Users\Administrator\proj\konachan100.github.io>if not exist "src" git clone git@github.com:konachan100/konachan100-src.git src 

C:\Users\Administrator\proj\konachan100.github.io>cd src 

C:\Users\Administrator\proj\konachan100.github.io\src>call gen.bat 

C:\Users\Administrator\proj\konachan100.github.io\src>git pull 
Already up to date.

C:\Users\Administrator\proj\konachan100.github.io\src>python konachan100.py 
build targets:  ['s', 'q', 'e']
Build count:  212
Current build: Home[2], Categoary[5]
Loading URL: http://www.konachan.net/post.json?limit=100&tags=rating:explicit
Success, decoding JSON
Rendering to ../e/index.html
Page refreshed
Rendering to ../e/m/index.html
Page refreshed
Loading URL: http://www.konachan.net/post.json?limit=100&tags=scenic
Success, decoding JSON
update cache file  ../c/scenic/cache.json
new cache size  102
show posts order by time, reverse
Rendering to ../c/scenic/index.html
Page refreshed
Rendering to ../c/scenic/m/index.html
Page refreshed
Rendering to ../c/scenic/q/index.html
Page refreshed
Rendering to ../c/scenic/q/m/index.html
Page refreshed
Rendering to ../c/scenic/e/index.html
Page refreshed
Rendering to ../c/scenic/e/m/index.html
Page refreshed

C:\Users\Administrator\proj\konachan100.github.io\src>cd .. 

C:\Users\Administrator\proj\konachan100.github.io>git diff --stat 
 c/scenic/post.json |   2 +-
 log.txt            | 116 ++++++++++++++++++++++++++---------------------------
 2 files changed, 57 insertions(+), 61 deletions(-)

C:\Users\Administrator\proj\konachan100.github.io>git add * 

C:\Users\Administrator\proj\konachan100.github.io>git commit -m "update content" 
[master 586d9022] update content
 2 files changed, 57 insertions(+), 61 deletions(-)

C:\Users\Administrator\proj\konachan100.github.io>git push 


================================================================================
2020/03/02 周一 15:53:01.16

C:\Users\Administrator\proj\konachan100.github.io>git pull 
Already up to date.

C:\Users\Administrator\proj\konachan100.github.io>if not exist "src" git clone git@github.com:konachan100/konachan100-src.git src 

C:\Users\Administrator\proj\konachan100.github.io>cd src 

C:\Users\Administrator\proj\konachan100.github.io\src>call gen.bat 

C:\Users\Administrator\proj\konachan100.github.io\src>git pull 
Already up to date.

C:\Users\Administrator\proj\konachan100.github.io\src>python konachan100.py 
build targets:  ['s', 'q', 'e']
Build count:  213
Current build: Home[0], Categoary[6]
Loading URL: http://www.konachan.net/post.json?limit=100&tags=rating:safe
Success, decoding JSON
Rendering to ../index.html
Page refreshed
Rendering to ../m/index.html
Page refreshed
Loading URL: http://www.konachan.net/post.json?limit=100&tags=natsumoka
Success, decoding JSON
update cache file  ../c/artist/natsumoka/cache.json
new cache size  20
show posts order by time, reverse
Rendering to ../c/artist/natsumoka/index.html
Page refreshed
Rendering to ../c/artist/natsumoka/m/index.html
Page refreshed
Rendering to ../c/artist/natsumoka/q/index.html
Page refreshed
Rendering to ../c/artist/natsumoka/q/m/index.html
Page refreshed
Rendering to ../c/artist/natsumoka/e/index.html
Page refreshed
Rendering to ../c/artist/natsumoka/e/m/index.html
Page refreshed

C:\Users\Administrator\proj\konachan100.github.io\src>cd .. 

C:\Users\Administrator\proj\konachan100.github.io>git diff --stat 
 log.txt | 118 ++++++++++++++++++++++++++++++++--------------------------------
 1 file changed, 59 insertions(+), 59 deletions(-)

C:\Users\Administrator\proj\konachan100.github.io>git add * 

C:\Users\Administrator\proj\konachan100.github.io>git commit -m "update content" 
[master 29630858] update content
 1 file changed, 59 insertions(+), 59 deletions(-)

C:\Users\Administrator\proj\konachan100.github.io>git push 


================================================================================
2020/03/02 周一 15:58:21.19

C:\Users\Administrator\proj\konachan100.github.io>git pull 
Already up to date.

C:\Users\Administrator\proj\konachan100.github.io>if not exist "src" git clone git@github.com:konachan100/konachan100-src.git src 

C:\Users\Administrator\proj\konachan100.github.io>cd src 

C:\Users\Administrator\proj\konachan100.github.io\src>call gen.bat 

C:\Users\Administrator\proj\konachan100.github.io\src>git pull 
Already up to date.

C:\Users\Administrator\proj\konachan100.github.io\src>python konachan100.py 
build targets:  ['s', 'q', 'e']
Build count:  214
Current build: Home[1], Categoary[7]
Loading URL: http://www.konachan.net/post.json?limit=100&tags=rating:questionable
Success, decoding JSON
Rendering to ../q/index.html
Page refreshed
Rendering to ../q/m/index.html
Page refreshed
Loading URL: http://www.konachan.net/post.json?limit=100&tags=anmi
Success, decoding JSON
update cache file  ../c/artist/anmi/cache.json
new cache size  183
show posts order by time, reverse
Rendering to ../c/artist/anmi/index.html
Page refreshed
Rendering to ../c/artist/anmi/m/index.html
Page refreshed
Rendering to ../c/artist/anmi/q/index.html
Page refreshed
Rendering to ../c/artist/anmi/q/m/index.html
Page refreshed
Rendering to ../c/artist/anmi/e/index.html
Page refreshed
Rendering to ../c/artist/anmi/e/m/index.html
Page refreshed

C:\Users\Administrator\proj\konachan100.github.io\src>cd .. 

C:\Users\Administrator\proj\konachan100.github.io>git diff --stat 
 log.txt | 116 ++++++++++++++++++++++++++++++++--------------------------------
 1 file changed, 58 insertions(+), 58 deletions(-)

C:\Users\Administrator\proj\konachan100.github.io>git add * 

C:\Users\Administrator\proj\konachan100.github.io>git commit -m "update content" 
[master 25b54286] update content
 1 file changed, 58 insertions(+), 58 deletions(-)

C:\Users\Administrator\proj\konachan100.github.io>git push 


================================================================================
2020/03/02 周一 16:03:42.19

C:\Users\Administrator\proj\konachan100.github.io>git pull 
Already up to date.

C:\Users\Administrator\proj\konachan100.github.io>if not exist "src" git clone git@github.com:konachan100/konachan100-src.git src 

C:\Users\Administrator\proj\konachan100.github.io>cd src 

C:\Users\Administrator\proj\konachan100.github.io\src>call gen.bat 

C:\Users\Administrator\proj\konachan100.github.io\src>git pull 
Already up to date.

C:\Users\Administrator\proj\konachan100.github.io\src>python konachan100.py 
build targets:  ['s', 'q', 'e']
Build count:  215
Current build: Home[2], Categoary[8]
Loading URL: http://www.konachan.net/post.json?limit=100&tags=rating:explicit
Success, decoding JSON
Rendering to ../e/index.html
Page refreshed
Rendering to ../e/m/index.html
Page refreshed
Loading URL: http://www.konachan.net/post.json?limit=100&tags=annin_doufu
Success, decoding JSON
update cache file  ../c/artist/annin_doufu/cache.json
new cache size  200
show posts order by time, reverse
Rendering to ../c/artist/annin_doufu/index.html
Page refreshed
Rendering to ../c/artist/annin_doufu/m/index.html
Page refreshed
Rendering to ../c/artist/annin_doufu/q/index.html
Page refreshed
Rendering to ../c/artist/annin_doufu/q/m/index.html
Page refreshed
Rendering to ../c/artist/annin_doufu/e/index.html
Page refreshed
Rendering to ../c/artist/annin_doufu/e/m/index.html
Page refreshed

C:\Users\Administrator\proj\konachan100.github.io\src>cd .. 

C:\Users\Administrator\proj\konachan100.github.io>git diff --stat 
 log.txt | 116 ++++++++++++++++++++++++++++++++--------------------------------
 1 file changed, 58 insertions(+), 58 deletions(-)

C:\Users\Administrator\proj\konachan100.github.io>git add * 

C:\Users\Administrator\proj\konachan100.github.io>git commit -m "update content" 
[master df980162] update content
 1 file changed, 58 insertions(+), 58 deletions(-)

C:\Users\Administrator\proj\konachan100.github.io>git push 


================================================================================
2020/03/02 周一 16:09:05.19

C:\Users\Administrator\proj\konachan100.github.io>git pull 
Already up to date.

C:\Users\Administrator\proj\konachan100.github.io>if not exist "src" git clone git@github.com:konachan100/konachan100-src.git src 

C:\Users\Administrator\proj\konachan100.github.io>cd src 

C:\Users\Administrator\proj\konachan100.github.io\src>call gen.bat 

C:\Users\Administrator\proj\konachan100.github.io\src>git pull 
Already up to date.

C:\Users\Administrator\proj\konachan100.github.io\src>python konachan100.py 
build targets:  ['s', 'q', 'e']
Build count:  216
Current build: Home[0], Categoary[9]
Loading URL: http://www.konachan.net/post.json?limit=100&tags=rating:safe
Success, decoding JSON
Rendering to ../index.html
Page refreshed
Rendering to ../m/index.html
Page refreshed
Loading URL: http://www.konachan.net/post.json?limit=100&tags=miwabe_sakura
Success, decoding JSON
update cache file  ../c/artist/miwabe_sakura/cache.json
new cache size  22
show posts order by time, reverse
Rendering to ../c/artist/miwabe_sakura/index.html
Page refreshed
Rendering to ../c/artist/miwabe_sakura/m/index.html
Page refreshed
Rendering to ../c/artist/miwabe_sakura/q/index.html
Page refreshed
Rendering to ../c/artist/miwabe_sakura/q/m/index.html
Page refreshed
Rendering to ../c/artist/miwabe_sakura/e/index.html
Page refreshed
Rendering to ../c/artist/miwabe_sakura/e/m/index.html
Page refreshed

C:\Users\Administrator\proj\konachan100.github.io\src>cd .. 

C:\Users\Administrator\proj\konachan100.github.io>git diff --stat 
 c/artist/miwabe_sakura/post.json |   2 +-
 log.txt                          | 116 +++++++++++++++++++--------------------
 2 files changed, 59 insertions(+), 59 deletions(-)

C:\Users\Administrator\proj\konachan100.github.io>git add * 

C:\Users\Administrator\proj\konachan100.github.io>git commit -m "update content" 
[master 78ae8414] update content
 2 files changed, 59 insertions(+), 59 deletions(-)

C:\Users\Administrator\proj\konachan100.github.io>git push 


================================================================================
2020/03/02 周一 16:14:25.17

C:\Users\Administrator\proj\konachan100.github.io>git pull 
Already up to date.

C:\Users\Administrator\proj\konachan100.github.io>if not exist "src" git clone git@github.com:konachan100/konachan100-src.git src 

C:\Users\Administrator\proj\konachan100.github.io>cd src 

C:\Users\Administrator\proj\konachan100.github.io\src>call gen.bat 

C:\Users\Administrator\proj\konachan100.github.io\src>git pull 
Already up to date.

C:\Users\Administrator\proj\konachan100.github.io\src>python konachan100.py 
build targets:  ['s', 'q', 'e']
Build count:  217
Current build: Home[1], Categoary[10]
Loading URL: http://www.konachan.net/post.json?limit=100&tags=rating:questionable
Success, decoding JSON
Rendering to ../q/index.html
Page refreshed
Rendering to ../q/m/index.html
Page refreshed
Loading URL: http://www.konachan.net/post.json?limit=100&tags=edel_(qi--yu)
Success, decoding JSON
update cache file  ../c/artist/edel_(qi--yu)/cache.json
new cache size  5
show posts order by time, reverse
Rendering to ../c/artist/edel_(qi--yu)/index.html
Page refreshed
Rendering to ../c/artist/edel_(qi--yu)/m/index.html
Page refreshed
Rendering to ../c/artist/edel_(qi--yu)/q/index.html
Page refreshed
Rendering to ../c/artist/edel_(qi--yu)/q/m/index.html
Page refreshed
Rendering to ../c/artist/edel_(qi--yu)/e/index.html
Page refreshed
Rendering to ../c/artist/edel_(qi--yu)/e/m/index.html
Page refreshed

C:\Users\Administrator\proj\konachan100.github.io\src>cd .. 

C:\Users\Administrator\proj\konachan100.github.io>git diff --stat 
 c/artist/edel_(qi--yu)/post.json |   2 +-
 log.txt                          | 118 +++++++++++++++++++--------------------
 2 files changed, 60 insertions(+), 60 deletions(-)

C:\Users\Administrator\proj\konachan100.github.io>git add * 

C:\Users\Administrator\proj\konachan100.github.io>git commit -m "update content" 
[master 319337f4] update content
 2 files changed, 60 insertions(+), 60 deletions(-)

C:\Users\Administrator\proj\konachan100.github.io>git push 


================================================================================
2020/03/02 周一 16:19:47.13

C:\Users\Administrator\proj\konachan100.github.io>git pull 
Already up to date.

C:\Users\Administrator\proj\konachan100.github.io>if not exist "src" git clone git@github.com:konachan100/konachan100-src.git src 

C:\Users\Administrator\proj\konachan100.github.io>cd src 

C:\Users\Administrator\proj\konachan100.github.io\src>call gen.bat 

C:\Users\Administrator\proj\konachan100.github.io\src>git pull 
Already up to date.

C:\Users\Administrator\proj\konachan100.github.io\src>python konachan100.py 
build targets:  ['s', 'q', 'e']
Build count:  218
Current build: Home[2], Categoary[11]
Loading URL: http://www.konachan.net/post.json?limit=100&tags=rating:explicit
Failed, timed out
Loading URL: http://www.konachan.net/post.json?limit=100&tags=sousouman
Success, decoding JSON
update cache file  ../c/artist/sousouman/cache.json
new cache size  83
show posts order by time, reverse
Rendering to ../c/artist/sousouman/index.html
Page refreshed
Rendering to ../c/artist/sousouman/m/index.html
Page refreshed
Rendering to ../c/artist/sousouman/q/index.html
Page refreshed
Rendering to ../c/artist/sousouman/q/m/index.html
Page refreshed
Rendering to ../c/artist/sousouman/e/index.html
Page refreshed
Rendering to ../c/artist/sousouman/e/m/index.html
Page refreshed

C:\Users\Administrator\proj\konachan100.github.io\src>cd .. 

C:\Users\Administrator\proj\konachan100.github.io>git diff --stat 
