Current build: Home[2], Categoary[7]
Loading URL: http://www.konachan.net/post.json?limit=100&tags=rating:explicit
Success, decoding JSON
Rendering to ../e/index.html
Page refreshed
Rendering to ../e/m/index.html
Page refreshed
Loading URL: http://www.konachan.net/post.json?limit=100&tags=anmi
Success, decoding JSON
update cache file  ../c/artist/anmi/cache.json
new cache size  183
show posts order by time, reverse
Rendering to ../c/artist/anmi/index.html
Page refreshed
Rendering to ../c/artist/anmi/m/index.html
Page refreshed
Rendering to ../c/artist/anmi/q/index.html
Page refreshed
Rendering to ../c/artist/anmi/q/m/index.html
Page refreshed
Rendering to ../c/artist/anmi/e/index.html
Page refreshed
Rendering to ../c/artist/anmi/e/m/index.html
Page refreshed

C:\Users\Administrator\proj\konachan100.github.io\src>cd .. 

C:\Users\Administrator\proj\konachan100.github.io>git diff --stat 
 log.txt | 101 +++++++++++++++++++++++++++++++++++++---------------------------
 1 file changed, 58 insertions(+), 43 deletions(-)

C:\Users\Administrator\proj\konachan100.github.io>git add * 

C:\Users\Administrator\proj\konachan100.github.io>git commit -m "update content" 
[master 7f3cdce3] update content
 1 file changed, 58 insertions(+), 43 deletions(-)

C:\Users\Administrator\proj\konachan100.github.io>git push 


================================================================================
2020/03/02 周一 13:55:28.13

C:\Users\Administrator\proj\konachan100.github.io>git pull 
Already up to date.

C:\Users\Administrator\proj\konachan100.github.io>if not exist "src" git clone git@github.com:konachan100/konachan100-src.git src 

C:\Users\Administrator\proj\konachan100.github.io>cd src 

C:\Users\Administrator\proj\konachan100.github.io\src>call gen.bat 

C:\Users\Administrator\proj\konachan100.github.io\src>git pull 
Already up to date.

C:\Users\Administrator\proj\konachan100.github.io\src>python konachan100.py 
build targets:  ['s', 'q', 'e']
Build count:  192
Current build: Home[0], Categoary[8]
Loading URL: http://www.konachan.net/post.json?limit=100&tags=rating:safe
Success, decoding JSON
Rendering to ../index.html
Page refreshed
Rendering to ../m/index.html
Page refreshed
Loading URL: http://www.konachan.net/post.json?limit=100&tags=annin_doufu
Success, decoding JSON
update cache file  ../c/artist/annin_doufu/cache.json
new cache size  200
show posts order by time, reverse
Rendering to ../c/artist/annin_doufu/index.html
Page refreshed
Rendering to ../c/artist/annin_doufu/m/index.html
Page refreshed
Rendering to ../c/artist/annin_doufu/q/index.html
Page refreshed
Rendering to ../c/artist/annin_doufu/q/m/index.html
Page refreshed
Rendering to ../c/artist/annin_doufu/e/index.html
Page refreshed
Rendering to ../c/artist/annin_doufu/e/m/index.html
Page refreshed

C:\Users\Administrator\proj\konachan100.github.io\src>cd .. 

C:\Users\Administrator\proj\konachan100.github.io>git diff --stat 
 log.txt | 116 ++++++++++++++++++++++++++++++++--------------------------------
 1 file changed, 58 insertions(+), 58 deletions(-)

C:\Users\Administrator\proj\konachan100.github.io>git add * 

C:\Users\Administrator\proj\konachan100.github.io>git commit -m "update content" 
[master b68b6751] update content
 1 file changed, 58 insertions(+), 58 deletions(-)

C:\Users\Administrator\proj\konachan100.github.io>git push 


================================================================================
2020/03/02 周一 14:00:50.17

C:\Users\Administrator\proj\konachan100.github.io>git pull 
Already up to date.

C:\Users\Administrator\proj\konachan100.github.io>if not exist "src" git clone git@github.com:konachan100/konachan100-src.git src 

C:\Users\Administrator\proj\konachan100.github.io>cd src 

C:\Users\Administrator\proj\konachan100.github.io\src>call gen.bat 

C:\Users\Administrator\proj\konachan100.github.io\src>git pull 
Already up to date.

C:\Users\Administrator\proj\konachan100.github.io\src>python konachan100.py 
build targets:  ['s', 'q', 'e']
Build count:  193
Current build: Home[1], Categoary[9]
Loading URL: http://www.konachan.net/post.json?limit=100&tags=rating:questionable
Success, decoding JSON
Rendering to ../q/index.html
Page refreshed
Rendering to ../q/m/index.html
Page refreshed
Loading URL: http://www.konachan.net/post.json?limit=100&tags=miwabe_sakura
Success, decoding JSON
update cache file  ../c/artist/miwabe_sakura/cache.json
new cache size  22
show posts order by time, reverse
Rendering to ../c/artist/miwabe_sakura/index.html
Page refreshed
Rendering to ../c/artist/miwabe_sakura/m/index.html
Page refreshed
Rendering to ../c/artist/miwabe_sakura/q/index.html
Page refreshed
Rendering to ../c/artist/miwabe_sakura/q/m/index.html
Page refreshed
Rendering to ../c/artist/miwabe_sakura/e/index.html
Page refreshed
Rendering to ../c/artist/miwabe_sakura/e/m/index.html
Page refreshed

C:\Users\Administrator\proj\konachan100.github.io\src>cd .. 

C:\Users\Administrator\proj\konachan100.github.io>git diff --stat 
 c/artist/miwabe_sakura/post.json |   2 +-
 log.txt                          | 116 +++++++++++++++++++--------------------
 2 files changed, 59 insertions(+), 59 deletions(-)

C:\Users\Administrator\proj\konachan100.github.io>git add * 

C:\Users\Administrator\proj\konachan100.github.io>git commit -m "update content" 
[master 421d00d2] update content
 2 files changed, 59 insertions(+), 59 deletions(-)

C:\Users\Administrator\proj\konachan100.github.io>git push 


================================================================================
2020/03/02 周一 14:06:11.13

C:\Users\Administrator\proj\konachan100.github.io>git pull 
Already up to date.

C:\Users\Administrator\proj\konachan100.github.io>if not exist "src" git clone git@github.com:konachan100/konachan100-src.git src 

C:\Users\Administrator\proj\konachan100.github.io>cd src 

C:\Users\Administrator\proj\konachan100.github.io\src>call gen.bat 

C:\Users\Administrator\proj\konachan100.github.io\src>git pull 
Already up to date.

C:\Users\Administrator\proj\konachan100.github.io\src>python konachan100.py 
build targets:  ['s', 'q', 'e']
Build count:  194
Current build: Home[2], Categoary[10]
Loading URL: http://www.konachan.net/post.json?limit=100&tags=rating:explicit
Success, decoding JSON
Rendering to ../e/index.html
Page refreshed
Rendering to ../e/m/index.html
Page refreshed
Loading URL: http://www.konachan.net/post.json?limit=100&tags=edel_(qi--yu)
Success, decoding JSON
update cache file  ../c/artist/edel_(qi--yu)/cache.json
new cache size  5
show posts order by time, reverse
Rendering to ../c/artist/edel_(qi--yu)/index.html
Page refreshed
Rendering to ../c/artist/edel_(qi--yu)/m/index.html
Page refreshed
Rendering to ../c/artist/edel_(qi--yu)/q/index.html
Page refreshed
Rendering to ../c/artist/edel_(qi--yu)/q/m/index.html
Page refreshed
Rendering to ../c/artist/edel_(qi--yu)/e/index.html
Page refreshed
Rendering to ../c/artist/edel_(qi--yu)/e/m/index.html
Page refreshed

C:\Users\Administrator\proj\konachan100.github.io\src>cd .. 

C:\Users\Administrator\proj\konachan100.github.io>git diff --stat 
 log.txt | 118 ++++++++++++++++++++++++++++++++--------------------------------
 1 file changed, 59 insertions(+), 59 deletions(-)

C:\Users\Administrator\proj\konachan100.github.io>git add * 

C:\Users\Administrator\proj\konachan100.github.io>git commit -m "update content" 
[master 721636dc] update content
 1 file changed, 59 insertions(+), 59 deletions(-)

C:\Users\Administrator\proj\konachan100.github.io>git push 


================================================================================
2020/03/02 周一 14:11:31.13

C:\Users\Administrator\proj\konachan100.github.io>git pull 
Already up to date.

C:\Users\Administrator\proj\konachan100.github.io>if not exist "src" git clone git@github.com:konachan100/konachan100-src.git src 

C:\Users\Administrator\proj\konachan100.github.io>cd src 

C:\Users\Administrator\proj\konachan100.github.io\src>call gen.bat 

C:\Users\Administrator\proj\konachan100.github.io\src>git pull 
Already up to date.

C:\Users\Administrator\proj\konachan100.github.io\src>python konachan100.py 
build targets:  ['s', 'q', 'e']
Build count:  195
Current build: Home[0], Categoary[11]
Loading URL: http://www.konachan.net/post.json?limit=100&tags=rating:safe
Failed, timed out
Loading URL: http://www.konachan.net/post.json?limit=100&tags=sousouman
Failed, timed out

C:\Users\Administrator\proj\konachan100.github.io\src>cd .. 

C:\Users\Administrator\proj\konachan100.github.io>git diff --stat 
 log.txt | 97 ++++++++++++++++++++++++++---------------------------------------
 1 file changed, 39 insertions(+), 58 deletions(-)

C:\Users\Administrator\proj\konachan100.github.io>git add * 

C:\Users\Administrator\proj\konachan100.github.io>git commit -m "update content" 
[master 35b7307d] update content
 1 file changed, 39 insertions(+), 58 deletions(-)

C:\Users\Administrator\proj\konachan100.github.io>git push 


================================================================================
2020/03/02 周一 14:17:55.11

C:\Users\Administrator\proj\konachan100.github.io>git pull 
Already up to date.

C:\Users\Administrator\proj\konachan100.github.io>if not exist "src" git clone git@github.com:konachan100/konachan100-src.git src 

C:\Users\Administrator\proj\konachan100.github.io>cd src 

C:\Users\Administrator\proj\konachan100.github.io\src>call gen.bat 

C:\Users\Administrator\proj\konachan100.github.io\src>git pull 
Already up to date.

C:\Users\Administrator\proj\konachan100.github.io\src>python konachan100.py 
build targets:  ['s', 'q', 'e']
Build count:  196
Current build: Home[1], Categoary[12]
Loading URL: http://www.konachan.net/post.json?limit=100&tags=rating:questionable
Success, decoding JSON
Rendering to ../q/index.html
Page refreshed
Rendering to ../q/m/index.html
Page refreshed
Loading URL: http://www.konachan.net/post.json?limit=100&tags=ke-ta
Success, decoding JSON
update cache file  ../c/artist/ke-ta/cache.json
new cache size  197
show posts order by time, reverse
Rendering to ../c/artist/ke-ta/index.html
Page refreshed
Rendering to ../c/artist/ke-ta/m/index.html
Page refreshed
Rendering to ../c/artist/ke-ta/q/index.html
Page refreshed
Rendering to ../c/artist/ke-ta/q/m/index.html
Page refreshed
Rendering to ../c/artist/ke-ta/e/index.html
Page refreshed
Rendering to ../c/artist/ke-ta/e/m/index.html
Page refreshed

C:\Users\Administrator\proj\konachan100.github.io\src>cd .. 

C:\Users\Administrator\proj\konachan100.github.io>git diff --stat 
 log.txt | 97 +++++++++++++++++++++++++++++++++++++++--------------------------
 1 file changed, 58 insertions(+), 39 deletions(-)

C:\Users\Administrator\proj\konachan100.github.io>git add * 

C:\Users\Administrator\proj\konachan100.github.io>git commit -m "update content" 
[master 0522740e] update content
 1 file changed, 58 insertions(+), 39 deletions(-)

C:\Users\Administrator\proj\konachan100.github.io>git push 


================================================================================
2020/03/02 周一 14:23:17.17

C:\Users\Administrator\proj\konachan100.github.io>git pull 
Already up to date.

C:\Users\Administrator\proj\konachan100.github.io>if not exist "src" git clone git@github.com:konachan100/konachan100-src.git src 

C:\Users\Administrator\proj\konachan100.github.io>cd src 

C:\Users\Administrator\proj\konachan100.github.io\src>call gen.bat 

C:\Users\Administrator\proj\konachan100.github.io\src>git pull 
Already up to date.

C:\Users\Administrator\proj\konachan100.github.io\src>python konachan100.py 
build targets:  ['s', 'q', 'e']
Build count:  197
Current build: Home[2], Categoary[13]
Loading URL: http://www.konachan.net/post.json?limit=100&tags=rating:explicit
Success, decoding JSON
Rendering to ../e/index.html
Page refreshed
Rendering to ../e/m/index.html
Page refreshed
Loading URL: http://www.konachan.net/post.json?limit=100&tags=mauve
Success, decoding JSON
update cache file  ../c/artist/mauve/cache.json
new cache size  33
show posts order by time, reverse
Rendering to ../c/artist/mauve/index.html
Page refreshed
Rendering to ../c/artist/mauve/m/index.html
Page refreshed
Rendering to ../c/artist/mauve/q/index.html
Page refreshed
Rendering to ../c/artist/mauve/q/m/index.html
Page refreshed
Rendering to ../c/artist/mauve/e/index.html
Page refreshed
Rendering to ../c/artist/mauve/e/m/index.html
Page refreshed

C:\Users\Administrator\proj\konachan100.github.io\src>cd .. 

C:\Users\Administrator\proj\konachan100.github.io>git diff --stat 
 log.txt | 116 ++++++++++++++++++++++++++++++++--------------------------------
 1 file changed, 58 insertions(+), 58 deletions(-)

C:\Users\Administrator\proj\konachan100.github.io>git add * 

C:\Users\Administrator\proj\konachan100.github.io>git commit -m "update content" 
[master 5fa8dfd3] update content
 1 file changed, 58 insertions(+), 58 deletions(-)

C:\Users\Administrator\proj\konachan100.github.io>git push 


================================================================================
2020/03/02 周一 14:28:42.18

C:\Users\Administrator\proj\konachan100.github.io>git pull 
Already up to date.

C:\Users\Administrator\proj\konachan100.github.io>if not exist "src" git clone git@github.com:konachan100/konachan100-src.git src 

C:\Users\Administrator\proj\konachan100.github.io>cd src 

C:\Users\Administrator\proj\konachan100.github.io\src>call gen.bat 

C:\Users\Administrator\proj\konachan100.github.io\src>git pull 
Already up to date.

C:\Users\Administrator\proj\konachan100.github.io\src>python konachan100.py 
build targets:  ['s', 'q', 'e']
Build count:  198
Current build: Home[0], Categoary[14]
Loading URL: http://www.konachan.net/post.json?limit=100&tags=rating:safe
Failed, timed out
Loading URL: http://www.konachan.net/post.json?limit=100&tags=onineko
Failed, timed out

C:\Users\Administrator\proj\konachan100.github.io\src>cd .. 

C:\Users\Administrator\proj\konachan100.github.io>git diff --stat 
 log.txt | 97 ++++++++++++++++++++++++++---------------------------------------
 1 file changed, 39 insertions(+), 58 deletions(-)

C:\Users\Administrator\proj\konachan100.github.io>git add * 

C:\Users\Administrator\proj\konachan100.github.io>git commit -m "update content" 
[master b183c29e] update content
 1 file changed, 39 insertions(+), 58 deletions(-)

C:\Users\Administrator\proj\konachan100.github.io>git push 


================================================================================
2020/03/02 周一 14:35:36.11

C:\Users\Administrator\proj\konachan100.github.io>git pull 
Already up to date.

C:\Users\Administrator\proj\konachan100.github.io>if not exist "src" git clone git@github.com:konachan100/konachan100-src.git src 

C:\Users\Administrator\proj\konachan100.github.io>cd src 

C:\Users\Administrator\proj\konachan100.github.io\src>call gen.bat 

C:\Users\Administrator\proj\konachan100.github.io\src>git pull 
Already up to date.

C:\Users\Administrator\proj\konachan100.github.io\src>python konachan100.py 
build targets:  ['s', 'q', 'e']
Build count:  199
Current build: Home[1], Categoary[15]
Loading URL: http://www.konachan.net/post.json?limit=100&tags=rating:questionable
Failed, timed out
Loading URL: http://www.konachan.net/post.json?limit=100&tags=miyase_mahiro
Failed, timed out

C:\Users\Administrator\proj\konachan100.github.io\src>cd .. 

C:\Users\Administrator\proj\konachan100.github.io>git diff --stat 
 log.txt | 78 ++++++++++++++++++++++++++++++++---------------------------------
 1 file changed, 39 insertions(+), 39 deletions(-)

C:\Users\Administrator\proj\konachan100.github.io>git add * 

C:\Users\Administrator\proj\konachan100.github.io>git commit -m "update content" 
[master 6f4ac283] update content
 1 file changed, 39 insertions(+), 39 deletions(-)

C:\Users\Administrator\proj\konachan100.github.io>git push 


================================================================================
2020/03/02 周一 14:42:06.12

C:\Users\Administrator\proj\konachan100.github.io>git pull 
Already up to date.

C:\Users\Administrator\proj\konachan100.github.io>if not exist "src" git clone git@github.com:konachan100/konachan100-src.git src 

C:\Users\Administrator\proj\konachan100.github.io>cd src 

C:\Users\Administrator\proj\konachan100.github.io\src>call gen.bat 

C:\Users\Administrator\proj\konachan100.github.io\src>git pull 
Already up to date.

C:\Users\Administrator\proj\konachan100.github.io\src>python konachan100.py 
build targets:  ['s', 'q', 'e']
Build count:  200
Current build: Home[2], Categoary[16]
Loading URL: http://www.konachan.net/post.json?limit=100&tags=rating:explicit
Failed, timed out
Loading URL: http://www.konachan.net/post.json?limit=100&tags=kino_(kino_konomi)
Success, decoding JSON
update cache file  ../c/artist/kino_(kino_konomi)/cache.json
new cache size  73
show posts order by time, reverse
Rendering to ../c/artist/kino_(kino_konomi)/index.html
Page refreshed
Rendering to ../c/artist/kino_(kino_konomi)/m/index.html
Page refreshed
Rendering to ../c/artist/kino_(kino_konomi)/q/index.html
Page refreshed
Rendering to ../c/artist/kino_(kino_konomi)/q/m/index.html
Page refreshed
Rendering to ../c/artist/kino_(kino_konomi)/e/index.html
Page refreshed
Rendering to ../c/artist/kino_(kino_konomi)/e/m/index.html
Page refreshed

C:\Users\Administrator\proj\konachan100.github.io\src>cd .. 

C:\Users\Administrator\proj\konachan100.github.io>git diff --stat 
 log.txt | 93 ++++++++++++++++++++++++++++++++++++++---------------------------
 1 file changed, 54 insertions(+), 39 deletions(-)

C:\Users\Administrator\proj\konachan100.github.io>git add * 

C:\Users\Administrator\proj\konachan100.github.io>git commit -m "update content" 
[master 24bdfa0a] update content
 1 file changed, 54 insertions(+), 39 deletions(-)

C:\Users\Administrator\proj\konachan100.github.io>git push 


================================================================================
2020/03/02 周一 14:47:59.19

C:\Users\Administrator\proj\konachan100.github.io>git pull 
Already up to date.

C:\Users\Administrator\proj\konachan100.github.io>if not exist "src" git clone git@github.com:konachan100/konachan100-src.git src 

C:\Users\Administrator\proj\konachan100.github.io>cd src 

C:\Users\Administrator\proj\konachan100.github.io\src>call gen.bat 

C:\Users\Administrator\proj\konachan100.github.io\src>git pull 
Already up to date.

C:\Users\Administrator\proj\konachan100.github.io\src>python konachan100.py 
build targets:  ['s', 'q', 'e']
Build count:  201
Current build: Home[0], Categoary[17]
Loading URL: http://www.konachan.net/post.json?limit=100&tags=rating:safe
Success, decoding JSON
Rendering to ../index.html
Page refreshed
Rendering to ../m/index.html
Page refreshed
Loading URL: http://www.konachan.net/post.json?limit=100&tags=ryo
Success, decoding JSON
update cache file  ../c/artist/ryo/cache.json
new cache size  55
show posts order by time, reverse
Rendering to ../c/artist/ryo/index.html
Page refreshed
Rendering to ../c/artist/ryo/m/index.html
Page refreshed
Rendering to ../c/artist/ryo/q/index.html
Page refreshed
Rendering to ../c/artist/ryo/q/m/index.html
Page refreshed
Rendering to ../c/artist/ryo/e/index.html
Page refreshed
Rendering to ../c/artist/ryo/e/m/index.html
Page refreshed

C:\Users\Administrator\proj\konachan100.github.io\src>cd .. 

C:\Users\Administrator\proj\konachan100.github.io>git diff --stat 
