Page refreshed
Rendering to ../c/artist/hiten_goane_ryu/e/m/index.html
Page refreshed

C:\Users\Administrator\proj\konachan100.github.io\src>cd .. 

C:\Users\Administrator\proj\konachan100.github.io>git diff --stat 
 log.txt | 116 ++++++++++++++++++++++++++++++++--------------------------------
 1 file changed, 58 insertions(+), 58 deletions(-)

C:\Users\Administrator\proj\konachan100.github.io>git add * 

C:\Users\Administrator\proj\konachan100.github.io>git commit -m "update content" 
[master 2fc9a297] update content
 1 file changed, 58 insertions(+), 58 deletions(-)

C:\Users\Administrator\proj\konachan100.github.io>git push 


================================================================================
2020/03/02 周一 17:09:09.20

C:\Users\Administrator\proj\konachan100.github.io>git pull 
Already up to date.

C:\Users\Administrator\proj\konachan100.github.io>if not exist "src" git clone git@github.com:konachan100/konachan100-src.git src 

C:\Users\Administrator\proj\konachan100.github.io>cd src 

C:\Users\Administrator\proj\konachan100.github.io\src>call gen.bat 

C:\Users\Administrator\proj\konachan100.github.io\src>git pull 
Already up to date.

C:\Users\Administrator\proj\konachan100.github.io\src>python konachan100.py 
build targets:  ['s', 'q', 'e']
Build count:  227
Current build: Home[2], Categoary[20]
Loading URL: http://www.konachan.net/post.json?limit=100&tags=rating:explicit
Success, decoding JSON
Rendering to ../e/index.html
Page refreshed
Rendering to ../e/m/index.html
Page refreshed
Loading URL: http://www.konachan.net/post.json?limit=100&tags=fujisaki_hikari
Success, decoding JSON
update cache file  ../c/artist/fujisaki_hikari/cache.json
new cache size  31
show posts order by time, reverse
Rendering to ../c/artist/fujisaki_hikari/index.html
Page refreshed
Rendering to ../c/artist/fujisaki_hikari/m/index.html
Page refreshed
Rendering to ../c/artist/fujisaki_hikari/q/index.html
Page refreshed
Rendering to ../c/artist/fujisaki_hikari/q/m/index.html
Page refreshed
Rendering to ../c/artist/fujisaki_hikari/e/index.html
Page refreshed
Rendering to ../c/artist/fujisaki_hikari/e/m/index.html
Page refreshed

C:\Users\Administrator\proj\konachan100.github.io\src>cd .. 

C:\Users\Administrator\proj\konachan100.github.io>git diff --stat 
 log.txt | 116 ++++++++++++++++++++++++++++++++--------------------------------
 1 file changed, 58 insertions(+), 58 deletions(-)

C:\Users\Administrator\proj\konachan100.github.io>git add * 

C:\Users\Administrator\proj\konachan100.github.io>git commit -m "update content" 
[master 05ae6c66] update content
 1 file changed, 58 insertions(+), 58 deletions(-)

C:\Users\Administrator\proj\konachan100.github.io>git push 


================================================================================
2020/03/02 周一 17:14:36.11

C:\Users\Administrator\proj\konachan100.github.io>git pull 
Already up to date.

C:\Users\Administrator\proj\konachan100.github.io>if not exist "src" git clone git@github.com:konachan100/konachan100-src.git src 

C:\Users\Administrator\proj\konachan100.github.io>cd src 

C:\Users\Administrator\proj\konachan100.github.io\src>call gen.bat 

C:\Users\Administrator\proj\konachan100.github.io\src>git pull 
Already up to date.

C:\Users\Administrator\proj\konachan100.github.io\src>python konachan100.py 
build targets:  ['s', 'q', 'e']
Build count:  228
Current build: Home[0], Categoary[21]
Loading URL: http://www.konachan.net/post.json?limit=100&tags=rating:safe
Success, decoding JSON
Rendering to ../index.html
Page refreshed
Rendering to ../m/index.html
Page refreshed
Loading URL: http://www.konachan.net/post.json?limit=100&tags=higandgk
Success, decoding JSON
update cache file  ../c/artist/higandgk/cache.json
new cache size  23
show posts order by time, reverse
Rendering to ../c/artist/higandgk/index.html
Page refreshed
Rendering to ../c/artist/higandgk/m/index.html
Page refreshed
Rendering to ../c/artist/higandgk/q/index.html
Page refreshed
Rendering to ../c/artist/higandgk/q/m/index.html
Page refreshed
Rendering to ../c/artist/higandgk/e/index.html
Page refreshed
Rendering to ../c/artist/higandgk/e/m/index.html
Page refreshed

C:\Users\Administrator\proj\konachan100.github.io\src>cd .. 

C:\Users\Administrator\proj\konachan100.github.io>git diff --stat 
 log.txt | 116 ++++++++++++++++++++++++++++++++--------------------------------
 1 file changed, 58 insertions(+), 58 deletions(-)

C:\Users\Administrator\proj\konachan100.github.io>git add * 

C:\Users\Administrator\proj\konachan100.github.io>git commit -m "update content" 
[master f9a8a9e2] update content
 1 file changed, 58 insertions(+), 58 deletions(-)

C:\Users\Administrator\proj\konachan100.github.io>git push 


================================================================================
2020/03/02 周一 17:19:58.13

C:\Users\Administrator\proj\konachan100.github.io>git pull 
Already up to date.

C:\Users\Administrator\proj\konachan100.github.io>if not exist "src" git clone git@github.com:konachan100/konachan100-src.git src 

C:\Users\Administrator\proj\konachan100.github.io>cd src 

C:\Users\Administrator\proj\konachan100.github.io\src>call gen.bat 

C:\Users\Administrator\proj\konachan100.github.io\src>git pull 
Already up to date.

C:\Users\Administrator\proj\konachan100.github.io\src>python konachan100.py 
build targets:  ['s', 'q', 'e']
Build count:  229
Current build: Home[1], Categoary[22]
Loading URL: http://www.konachan.net/post.json?limit=100&tags=rating:questionable
Success, decoding JSON
Rendering to ../q/index.html
Page refreshed
Rendering to ../q/m/index.html
Page refreshed
Loading URL: http://www.konachan.net/post.json?limit=100&tags=lium
Success, decoding JSON
update cache file  ../c/artist/lium/cache.json
new cache size  11
show posts order by time, reverse
Rendering to ../c/artist/lium/index.html
Page refreshed
Rendering to ../c/artist/lium/m/index.html
Page refreshed
Rendering to ../c/artist/lium/q/index.html
Page refreshed
Rendering to ../c/artist/lium/q/m/index.html
Page refreshed
Rendering to ../c/artist/lium/e/index.html
Page refreshed
Rendering to ../c/artist/lium/e/m/index.html
Page refreshed

C:\Users\Administrator\proj\konachan100.github.io\src>cd .. 

C:\Users\Administrator\proj\konachan100.github.io>git diff --stat 
 log.txt | 116 ++++++++++++++++++++++++++++++++--------------------------------
 1 file changed, 58 insertions(+), 58 deletions(-)

C:\Users\Administrator\proj\konachan100.github.io>git add * 

C:\Users\Administrator\proj\konachan100.github.io>git commit -m "update content" 
[master fe8a517a] update content
 1 file changed, 58 insertions(+), 58 deletions(-)

C:\Users\Administrator\proj\konachan100.github.io>git push 


================================================================================
2020/03/02 周一 17:25:21.19

C:\Users\Administrator\proj\konachan100.github.io>git pull 
Already up to date.

C:\Users\Administrator\proj\konachan100.github.io>if not exist "src" git clone git@github.com:konachan100/konachan100-src.git src 

C:\Users\Administrator\proj\konachan100.github.io>cd src 

C:\Users\Administrator\proj\konachan100.github.io\src>call gen.bat 

C:\Users\Administrator\proj\konachan100.github.io\src>git pull 
Already up to date.

C:\Users\Administrator\proj\konachan100.github.io\src>python konachan100.py 
build targets:  ['s', 'q', 'e']
Build count:  230
Current build: Home[2], Categoary[0]
Loading URL: http://www.konachan.net/post.json?limit=100&tags=rating:explicit
Failed, timed out
Loading URL: http://www.konachan.net/post.json?limit=100&tags=rating:safe
Failed, timed out

C:\Users\Administrator\proj\konachan100.github.io\src>cd .. 

C:\Users\Administrator\proj\konachan100.github.io>git diff --stat 
 log.txt | 97 ++++++++++++++++++++++++++---------------------------------------
 1 file changed, 39 insertions(+), 58 deletions(-)

C:\Users\Administrator\proj\konachan100.github.io>git add * 

C:\Users\Administrator\proj\konachan100.github.io>git commit -m "update content" 
[master 39c87be3] update content
 1 file changed, 39 insertions(+), 58 deletions(-)

C:\Users\Administrator\proj\konachan100.github.io>git push 


================================================================================
2020/03/02 周一 17:31:41.18

C:\Users\Administrator\proj\konachan100.github.io>git pull 
Already up to date.

C:\Users\Administrator\proj\konachan100.github.io>if not exist "src" git clone git@github.com:konachan100/konachan100-src.git src 

C:\Users\Administrator\proj\konachan100.github.io>cd src 

C:\Users\Administrator\proj\konachan100.github.io\src>call gen.bat 

C:\Users\Administrator\proj\konachan100.github.io\src>git pull 
Already up to date.

C:\Users\Administrator\proj\konachan100.github.io\src>python konachan100.py 
build targets:  ['s', 'q', 'e']
Build count:  231
Current build: Home[0], Categoary[1]
Loading URL: http://www.konachan.net/post.json?limit=100&tags=rating:safe
Success, decoding JSON
Rendering to ../index.html
Page refreshed
Rendering to ../m/index.html
Page refreshed
Loading URL: http://www.konachan.net/post.json?limit=100&tags=rating:questionable
Success, decoding JSON
update cache file  ../c/hot/cache.json
new cache size  619

C:\Users\Administrator\proj\konachan100.github.io\src>cd .. 

C:\Users\Administrator\proj\konachan100.github.io>git diff --stat 
 log.txt | 84 +++++++++++++++++++++++++++++++++++------------------------------
 1 file changed, 45 insertions(+), 39 deletions(-)

C:\Users\Administrator\proj\konachan100.github.io>git add * 

C:\Users\Administrator\proj\konachan100.github.io>git commit -m "update content" 
[master 8cecf7ac] update content
 1 file changed, 45 insertions(+), 39 deletions(-)

C:\Users\Administrator\proj\konachan100.github.io>git push 


================================================================================
2020/03/02 周一 17:37:02.21

C:\Users\Administrator\proj\konachan100.github.io>git pull 
Already up to date.

C:\Users\Administrator\proj\konachan100.github.io>if not exist "src" git clone git@github.com:konachan100/konachan100-src.git src 

C:\Users\Administrator\proj\konachan100.github.io>cd src 

C:\Users\Administrator\proj\konachan100.github.io\src>call gen.bat 

C:\Users\Administrator\proj\konachan100.github.io\src>git pull 
Already up to date.

C:\Users\Administrator\proj\konachan100.github.io\src>python konachan100.py 
build targets:  ['s', 'q', 'e']
Build count:  232
Current build: Home[1], Categoary[2]
Loading URL: http://www.konachan.net/post.json?limit=100&tags=rating:questionable
Success, decoding JSON
Rendering to ../q/index.html
Page refreshed
Rendering to ../q/m/index.html
Page refreshed
Loading URL: http://www.konachan.net/post.json?limit=100&tags=rating:explicit
Success, decoding JSON
update cache file  ../c/hot/cache.json
new cache size  619

C:\Users\Administrator\proj\konachan100.github.io\src>cd .. 

C:\Users\Administrator\proj\konachan100.github.io>git diff --stat 
 log.txt | 90 ++++++++++++++++++++++++++++++++---------------------------------
 1 file changed, 45 insertions(+), 45 deletions(-)

C:\Users\Administrator\proj\konachan100.github.io>git add * 

C:\Users\Administrator\proj\konachan100.github.io>git commit -m "update content" 
[master 3c046405] update content
 1 file changed, 45 insertions(+), 45 deletions(-)

C:\Users\Administrator\proj\konachan100.github.io>git push 


================================================================================
2020/03/02 周一 17:42:25.17

C:\Users\Administrator\proj\konachan100.github.io>git pull 
Already up to date.

C:\Users\Administrator\proj\konachan100.github.io>if not exist "src" git clone git@github.com:konachan100/konachan100-src.git src 

C:\Users\Administrator\proj\konachan100.github.io>cd src 

C:\Users\Administrator\proj\konachan100.github.io\src>call gen.bat 

C:\Users\Administrator\proj\konachan100.github.io\src>git pull 
Already up to date.

C:\Users\Administrator\proj\konachan100.github.io\src>python konachan100.py 
build targets:  ['s', 'q', 'e']
Build count:  233
Current build: Home[2], Categoary[3]
Loading URL: http://www.konachan.net/post.json?limit=100&tags=rating:explicit
Success, decoding JSON
Rendering to ../e/index.html
Page refreshed
Rendering to ../e/m/index.html
Page refreshed
Skip Loading for build path  ../c/hot/
update cache file  ../c/hot/cache.json
new cache size  619
show posts order by score, reverse
Rendering to ../c/hot/index.html
Page refreshed
Rendering to ../c/hot/m/index.html
Page refreshed
Rendering to ../c/hot/q/index.html
Page refreshed
Rendering to ../c/hot/q/m/index.html
Page refreshed
Rendering to ../c/hot/e/index.html
Page refreshed
Rendering to ../c/hot/e/m/index.html
Page refreshed

C:\Users\Administrator\proj\konachan100.github.io\src>cd .. 

C:\Users\Administrator\proj\konachan100.github.io>git diff --stat 
 c/hot/e/index.html   |  236 ++++-----
 c/hot/e/m/index.html |  172 +++---
 c/hot/e/post.json    | 1436 +++++++++++++++++++++++++-------------------------
 c/hot/q/index.html   |  146 ++---
 c/hot/q/m/index.html |   84 +--
 c/hot/q/post.json    |  532 +++++++++----------
 log.txt              |  102 ++--
 7 files changed, 1360 insertions(+), 1348 deletions(-)

C:\Users\Administrator\proj\konachan100.github.io>git add * 

C:\Users\Administrator\proj\konachan100.github.io>git commit -m "update content" 
[master 2499dc46] update content
 7 files changed, 1360 insertions(+), 1348 deletions(-)

C:\Users\Administrator\proj\konachan100.github.io>git push 


================================================================================
2020/03/02 周一 17:47:49.20

C:\Users\Administrator\proj\konachan100.github.io>git pull 
Already up to date.

C:\Users\Administrator\proj\konachan100.github.io>if not exist "src" git clone git@github.com:konachan100/konachan100-src.git src 

C:\Users\Administrator\proj\konachan100.github.io>cd src 

C:\Users\Administrator\proj\konachan100.github.io\src>call gen.bat 

C:\Users\Administrator\proj\konachan100.github.io\src>git pull 
Already up to date.

C:\Users\Administrator\proj\konachan100.github.io\src>python konachan100.py 
build targets:  ['s', 'q', 'e']
Build count:  234
Current build: Home[0], Categoary[4]
Loading URL: http://www.konachan.net/post.json?limit=100&tags=rating:safe
Success, decoding JSON
Rendering to ../index.html
Page refreshed
Rendering to ../m/index.html
Page refreshed
Loading URL: http://www.konachan.net/post.json?limit=100&tags=touhou
Success, decoding JSON
update cache file  ../c/touhou/cache.json
new cache size  107
show posts order by time, reverse
Rendering to ../c/touhou/index.html
Page refreshed
Rendering to ../c/touhou/m/index.html
Page refreshed
Rendering to ../c/touhou/q/index.html
Page refreshed
Rendering to ../c/touhou/q/m/index.html
Page refreshed
Rendering to ../c/touhou/e/index.html
Page refreshed
Rendering to ../c/touhou/e/m/index.html
Page refreshed

C:\Users\Administrator\proj\konachan100.github.io\src>cd .. 

C:\Users\Administrator\proj\konachan100.github.io>git diff --stat 
 c/touhou/q/post.json |   2 +-
 log.txt              | 127 ++++++++++++++++++++++++++-------------------------
 2 files changed, 65 insertions(+), 64 deletions(-)

C:\Users\Administrator\proj\konachan100.github.io>git add * 

C:\Users\Administrator\proj\konachan100.github.io>git commit -m "update content" 
[master ef97db32] update content
 2 files changed, 65 insertions(+), 64 deletions(-)

C:\Users\Administrator\proj\konachan100.github.io>git push 


================================================================================
2020/03/02 周一 17:53:12.20

C:\Users\Administrator\proj\konachan100.github.io>git pull 
Already up to date.

C:\Users\Administrator\proj\konachan100.github.io>if not exist "src" git clone git@github.com:konachan100/konachan100-src.git src 

C:\Users\Administrator\proj\konachan100.github.io>cd src 

C:\Users\Administrator\proj\konachan100.github.io\src>call gen.bat 

C:\Users\Administrator\proj\konachan100.github.io\src>git pull 
Already up to date.

C:\Users\Administrator\proj\konachan100.github.io\src>python konachan100.py 
build targets:  ['s', 'q', 'e']
Build count:  235
Current build: Home[1], Categoary[5]
Loading URL: http://www.konachan.net/post.json?limit=100&tags=rating:questionable
Success, decoding JSON
Rendering to ../q/index.html
Page refreshed
Rendering to ../q/m/index.html
Page refreshed
Loading URL: http://www.konachan.net/post.json?limit=100&tags=scenic
Success, decoding JSON
update cache file  ../c/scenic/cache.json
new cache size  102
show posts order by time, reverse
Rendering to ../c/scenic/index.html
Page refreshed
Rendering to ../c/scenic/m/index.html
Page refreshed
Rendering to ../c/scenic/q/index.html
Page refreshed
Rendering to ../c/scenic/q/m/index.html
Page refreshed
Rendering to ../c/scenic/e/index.html
Page refreshed
Rendering to ../c/scenic/e/m/index.html
Page refreshed

C:\Users\Administrator\proj\konachan100.github.io\src>cd .. 

C:\Users\Administrator\proj\konachan100.github.io>git diff --stat 
 log.txt | 118 ++++++++++++++++++++++++++++++++--------------------------------
 1 file changed, 59 insertions(+), 59 deletions(-)

C:\Users\Administrator\proj\konachan100.github.io>git add * 

C:\Users\Administrator\proj\konachan100.github.io>git commit -m "update content" 
[master 4f0cd507] update content
 1 file changed, 59 insertions(+), 59 deletions(-)

C:\Users\Administrator\proj\konachan100.github.io>git push 


================================================================================
2020/03/02 周一 17:58:33.12

C:\Users\Administrator\proj\konachan100.github.io>git pull 
Already up to date.

C:\Users\Administrator\proj\konachan100.github.io>if not exist "src" git clone git@github.com:konachan100/konachan100-src.git src 

C:\Users\Administrator\proj\konachan100.github.io>cd src 

C:\Users\Administrator\proj\konachan100.github.io\src>call gen.bat 

C:\Users\Administrator\proj\konachan100.github.io\src>git pull 
Already up to date.

C:\Users\Administrator\proj\konachan100.github.io\src>python konachan100.py 
build targets:  ['s', 'q', 'e']
Build count:  236
Current build: Home[2], Categoary[6]
Loading URL: http://www.konachan.net/post.json?limit=100&tags=rating:explicit
Success, decoding JSON
Rendering to ../e/index.html
Page refreshed
Rendering to ../e/m/index.html
Page refreshed
Loading URL: http://www.konachan.net/post.json?limit=100&tags=natsumoka
Success, decoding JSON
update cache file  ../c/artist/natsumoka/cache.json
new cache size  20
show posts order by time, reverse
Rendering to ../c/artist/natsumoka/index.html
Page refreshed
Rendering to ../c/artist/natsumoka/m/index.html
Page refreshed
Rendering to ../c/artist/natsumoka/q/index.html
Page refreshed
Rendering to ../c/artist/natsumoka/q/m/index.html
Page refreshed
Rendering to ../c/artist/natsumoka/e/index.html
Page refreshed
Rendering to ../c/artist/natsumoka/e/m/index.html
Page refreshed

C:\Users\Administrator\proj\konachan100.github.io\src>cd .. 

C:\Users\Administrator\proj\konachan100.github.io>git diff --stat 
