Page refreshed
Rendering to ../c/artist/edel_(qi--yu)/m/index.html
Page refreshed
Rendering to ../c/artist/edel_(qi--yu)/q/index.html
Page refreshed
Rendering to ../c/artist/edel_(qi--yu)/q/m/index.html
Page refreshed
Rendering to ../c/artist/edel_(qi--yu)/e/index.html
Page refreshed
Rendering to ../c/artist/edel_(qi--yu)/e/m/index.html
Page refreshed

C:\Users\Administrator\proj\konachan100.github.io\src>cd .. 

C:\Users\Administrator\proj\konachan100.github.io>git diff --stat 
 index.html   |   2 +-
 log.txt      | 122 +++++++++++++++++++++++++++++------------------------------
 m/index.html |   2 +-
 3 files changed, 63 insertions(+), 63 deletions(-)

C:\Users\Administrator\proj\konachan100.github.io>git add * 

C:\Users\Administrator\proj\konachan100.github.io>git commit -m "update content" 
[master 04b37d83] update content
 3 files changed, 63 insertions(+), 63 deletions(-)

C:\Users\Administrator\proj\konachan100.github.io>git push 


================================================================================
2020/03/02 周一 22:45:10.21

C:\Users\Administrator\proj\konachan100.github.io>git pull 
Already up to date.

C:\Users\Administrator\proj\konachan100.github.io>if not exist "src" git clone git@github.com:konachan100/konachan100-src.git src 

C:\Users\Administrator\proj\konachan100.github.io>cd src 

C:\Users\Administrator\proj\konachan100.github.io\src>call gen.bat 

C:\Users\Administrator\proj\konachan100.github.io\src>git pull 
Already up to date.

C:\Users\Administrator\proj\konachan100.github.io\src>python konachan100.py 
build targets:  ['s', 'q', 'e']
Build count:  286
Current build: Home[1], Categoary[11]
Loading URL: http://www.konachan.net/post.json?limit=100&tags=rating:questionable
Success, decoding JSON
Rendering to ../q/index.html
Page refreshed
Rendering to ../q/m/index.html
Page refreshed
Loading URL: http://www.konachan.net/post.json?limit=100&tags=sousouman
Success, decoding JSON
update cache file  ../c/artist/sousouman/cache.json
new cache size  83
show posts order by time, reverse
Rendering to ../c/artist/sousouman/index.html
Page refreshed
Rendering to ../c/artist/sousouman/m/index.html
Page refreshed
Rendering to ../c/artist/sousouman/q/index.html
Page refreshed
Rendering to ../c/artist/sousouman/q/m/index.html
Page refreshed
Rendering to ../c/artist/sousouman/e/index.html
Page refreshed
Rendering to ../c/artist/sousouman/e/m/index.html
Page refreshed

C:\Users\Administrator\proj\konachan100.github.io\src>cd .. 

C:\Users\Administrator\proj\konachan100.github.io>git diff --stat 
 log.txt | 120 ++++++++++++++++++++++++++++++++--------------------------------
 1 file changed, 60 insertions(+), 60 deletions(-)

C:\Users\Administrator\proj\konachan100.github.io>git add * 

C:\Users\Administrator\proj\konachan100.github.io>git commit -m "update content" 
[master 7d027a94] update content
 1 file changed, 60 insertions(+), 60 deletions(-)

C:\Users\Administrator\proj\konachan100.github.io>git push 


================================================================================
2020/03/02 周一 22:50:52.17

C:\Users\Administrator\proj\konachan100.github.io>git pull 
Already up to date.

C:\Users\Administrator\proj\konachan100.github.io>if not exist "src" git clone git@github.com:konachan100/konachan100-src.git src 

C:\Users\Administrator\proj\konachan100.github.io>cd src 

C:\Users\Administrator\proj\konachan100.github.io\src>call gen.bat 

C:\Users\Administrator\proj\konachan100.github.io\src>git pull 
Already up to date.

C:\Users\Administrator\proj\konachan100.github.io\src>python konachan100.py 
build targets:  ['s', 'q', 'e']
Build count:  287
Current build: Home[2], Categoary[12]
Loading URL: http://www.konachan.net/post.json?limit=100&tags=rating:explicit
Success, decoding JSON
Rendering to ../e/index.html
Page refreshed
Rendering to ../e/m/index.html
Page refreshed
Loading URL: http://www.konachan.net/post.json?limit=100&tags=ke-ta
Success, decoding JSON
update cache file  ../c/artist/ke-ta/cache.json
new cache size  197
show posts order by time, reverse
Rendering to ../c/artist/ke-ta/index.html
Page refreshed
Rendering to ../c/artist/ke-ta/m/index.html
Page refreshed
Rendering to ../c/artist/ke-ta/q/index.html
Page refreshed
Rendering to ../c/artist/ke-ta/q/m/index.html
Page refreshed
Rendering to ../c/artist/ke-ta/e/index.html
Page refreshed
Rendering to ../c/artist/ke-ta/e/m/index.html
Page refreshed

C:\Users\Administrator\proj\konachan100.github.io\src>cd .. 

C:\Users\Administrator\proj\konachan100.github.io>git diff --stat 
 log.txt | 116 ++++++++++++++++++++++++++++++++--------------------------------
 1 file changed, 58 insertions(+), 58 deletions(-)

C:\Users\Administrator\proj\konachan100.github.io>git add * 

C:\Users\Administrator\proj\konachan100.github.io>git commit -m "update content" 
[master e7e2f849] update content
 1 file changed, 58 insertions(+), 58 deletions(-)

C:\Users\Administrator\proj\konachan100.github.io>git push 


================================================================================
2020/03/02 周一 22:56:19.20

C:\Users\Administrator\proj\konachan100.github.io>git pull 
Already up to date.

C:\Users\Administrator\proj\konachan100.github.io>if not exist "src" git clone git@github.com:konachan100/konachan100-src.git src 

C:\Users\Administrator\proj\konachan100.github.io>cd src 

C:\Users\Administrator\proj\konachan100.github.io\src>call gen.bat 

C:\Users\Administrator\proj\konachan100.github.io\src>git pull 
Already up to date.

C:\Users\Administrator\proj\konachan100.github.io\src>python konachan100.py 
build targets:  ['s', 'q', 'e']
Build count:  288
Current build: Home[0], Categoary[13]
Loading URL: http://www.konachan.net/post.json?limit=100&tags=rating:safe
Success, decoding JSON
Rendering to ../index.html
Page refreshed
Rendering to ../m/index.html
Page refreshed
Loading URL: http://www.konachan.net/post.json?limit=100&tags=mauve
Success, decoding JSON
update cache file  ../c/artist/mauve/cache.json
new cache size  33
show posts order by time, reverse
Rendering to ../c/artist/mauve/index.html
Page refreshed
Rendering to ../c/artist/mauve/m/index.html
Page refreshed
Rendering to ../c/artist/mauve/q/index.html
Page refreshed
Rendering to ../c/artist/mauve/q/m/index.html
Page refreshed
Rendering to ../c/artist/mauve/e/index.html
Page refreshed
Rendering to ../c/artist/mauve/e/m/index.html
Page refreshed

C:\Users\Administrator\proj\konachan100.github.io\src>cd .. 

C:\Users\Administrator\proj\konachan100.github.io>git diff --stat 
 log.txt | 116 ++++++++++++++++++++++++++++++++--------------------------------
 1 file changed, 58 insertions(+), 58 deletions(-)

C:\Users\Administrator\proj\konachan100.github.io>git add * 

C:\Users\Administrator\proj\konachan100.github.io>git commit -m "update content" 
[master f435c577] update content
 1 file changed, 58 insertions(+), 58 deletions(-)

C:\Users\Administrator\proj\konachan100.github.io>git push 


================================================================================
2020/03/02 周一 23:01:50.12

C:\Users\Administrator\proj\konachan100.github.io>git pull 
Already up to date.

C:\Users\Administrator\proj\konachan100.github.io>if not exist "src" git clone git@github.com:konachan100/konachan100-src.git src 

C:\Users\Administrator\proj\konachan100.github.io>cd src 

C:\Users\Administrator\proj\konachan100.github.io\src>call gen.bat 

C:\Users\Administrator\proj\konachan100.github.io\src>git pull 
Already up to date.

C:\Users\Administrator\proj\konachan100.github.io\src>python konachan100.py 
build targets:  ['s', 'q', 'e']
Build count:  289
Current build: Home[1], Categoary[14]
Loading URL: http://www.konachan.net/post.json?limit=100&tags=rating:questionable
Success, decoding JSON
Rendering to ../q/index.html
Page refreshed
Rendering to ../q/m/index.html
Page refreshed
Loading URL: http://www.konachan.net/post.json?limit=100&tags=onineko
Success, decoding JSON
update cache file  ../c/artist/onineko/cache.json
new cache size  56
show posts order by time, reverse
Rendering to ../c/artist/onineko/index.html
Page refreshed
Rendering to ../c/artist/onineko/m/index.html
Page refreshed
Rendering to ../c/artist/onineko/q/index.html
Page refreshed
Rendering to ../c/artist/onineko/q/m/index.html
Page refreshed
Rendering to ../c/artist/onineko/e/index.html
Page refreshed
Rendering to ../c/artist/onineko/e/m/index.html
Page refreshed

C:\Users\Administrator\proj\konachan100.github.io\src>cd .. 

C:\Users\Administrator\proj\konachan100.github.io>git diff --stat 
 log.txt        | 116 +++++++++---------
 q/index.html   | 364 ++++++++++++++++++++++++++++-----------------------------
 q/m/index.html |  24 ++--
 3 files changed, 252 insertions(+), 252 deletions(-)

C:\Users\Administrator\proj\konachan100.github.io>git add * 

C:\Users\Administrator\proj\konachan100.github.io>git commit -m "update content" 
[master 9b45669f] update content
 3 files changed, 252 insertions(+), 252 deletions(-)

C:\Users\Administrator\proj\konachan100.github.io>git push 


================================================================================
2020-03-02 23:07:25
Already up to date.


================================================================================
2020-03-02 23:07:57
Already up to date.


================================================================================
2020-03-02 23:11:38
Already up to date.


================================================================================
2020-03-02 23:24:02
Already up to date.
Already up to date.
 log.txt   | 108 +++++++++++++++++++-------------------------------------------
 run.sh    |   7 ++--
 update.sh |   4 ++-
 3 files changed, 40 insertions(+), 79 deletions(-)
[master 53e3e2ee] update content
 3 files changed, 40 insertions(+), 79 deletions(-)


================================================================================
2020-03-02 23:29:22
Already up to date.
Already up to date.
build targets:  ['s', 'q', 'e']
Build count:  290
Current build: Home[2], Categoary[15]
Loading URL: http://www.konachan.net/post.json?limit=100&tags=rating:explicit
Success, decoding JSON
Rendering to ../e/index.html
Page refreshed
Rendering to ../e/m/index.html
Page refreshed
Loading URL: http://www.konachan.net/post.json?limit=100&tags=miyase_mahiro
Failed, timed out
 log.txt | 35 +++++++++++++++++++++++------------
 1 file changed, 23 insertions(+), 12 deletions(-)
[master 97492596] update content
 1 file changed, 23 insertions(+), 12 deletions(-)


================================================================================
2020-03-02 23:35:27
Already up to date.
Already up to date.
build targets:  ['s', 'q', 'e']
Build count:  291
Current build: Home[0], Categoary[16]
Loading URL: http://www.konachan.net/post.json?limit=100&tags=rating:safe
Failed, timed out
Loading URL: http://www.konachan.net/post.json?limit=100&tags=kino_(kino_konomi)
Success, decoding JSON
update cache file  ../c/artist/kino_(kino_konomi)/cache.json
new cache size  73
show posts order by time, reverse
Rendering to ../c/artist/kino_(kino_konomi)/index.html
Page refreshed
Rendering to ../c/artist/kino_(kino_konomi)/m/index.html
Page refreshed
Rendering to ../c/artist/kino_(kino_konomi)/q/index.html
Page refreshed
Rendering to ../c/artist/kino_(kino_konomi)/q/m/index.html
Page refreshed
Rendering to ../c/artist/kino_(kino_konomi)/e/index.html
Page refreshed
Rendering to ../c/artist/kino_(kino_konomi)/e/m/index.html
Page refreshed
 log.txt | 53 ++++++++++++++++++++++++++++++++---------------------
 1 file changed, 32 insertions(+), 21 deletions(-)
[master 6a74a4fd] update content
 1 file changed, 32 insertions(+), 21 deletions(-)


================================================================================
2020-03-02 23:41:34
Already up to date.
Already up to date.
build targets:  ['s', 'q', 'e']
Build count:  292
Current build: Home[1], Categoary[17]
Loading URL: http://www.konachan.net/post.json?limit=100&tags=rating:questionable
Success, decoding JSON
Rendering to ../q/index.html
Page refreshed
Rendering to ../q/m/index.html
Page refreshed
Loading URL: http://www.konachan.net/post.json?limit=100&tags=ryo
Failed, timed out
 log.txt        | 53 ++++++++++++++++++--------------------------
 q/index.html   | 70 +++++++++++++++++++++++++++++-----------------------------
 q/m/index.html | 48 ++++++++++++++++++++--------------------
 3 files changed, 80 insertions(+), 91 deletions(-)
[master a095763b] update content
 3 files changed, 80 insertions(+), 91 deletions(-)


================================================================================
2020-03-02 23:47:31
Already up to date.
Already up to date.
build targets:  ['s', 'q', 'e']
Build count:  293
Current build: Home[2], Categoary[18]
Loading URL: http://www.konachan.net/post.json?limit=100&tags=rating:explicit
Success, decoding JSON
Rendering to ../e/index.html
Page refreshed
Rendering to ../e/m/index.html
Page refreshed
Loading URL: http://www.konachan.net/post.json?limit=100&tags=mivit
Success, decoding JSON
update cache file  ../c/artist/mivit/cache.json
new cache size  90
show posts order by time, reverse
Rendering to ../c/artist/mivit/index.html
Page refreshed
Rendering to ../c/artist/mivit/m/index.html
Page refreshed
Rendering to ../c/artist/mivit/q/index.html
Page refreshed
Rendering to ../c/artist/mivit/q/m/index.html
Page refreshed
Rendering to ../c/artist/mivit/e/index.html
Page refreshed
Rendering to ../c/artist/mivit/e/m/index.html
Page refreshed
 log.txt | 61 ++++++++++++++++++++++++++++++++++++++-----------------------
 1 file changed, 38 insertions(+), 23 deletions(-)
[master 6846be4a] update content
 1 file changed, 38 insertions(+), 23 deletions(-)


================================================================================
2020-03-02 23:53:20
Already up to date.
Already up to date.
build targets:  ['s', 'q', 'e']
Build count:  294
Current build: Home[0], Categoary[19]
Loading URL: http://www.konachan.net/post.json?limit=100&tags=rating:safe
Failed, timed out
Loading URL: http://www.konachan.net/post.json?limit=100&tags=hiten_goane_ryu
Failed, timed out
 log.txt | 53 +++++++++++++++++------------------------------------
 1 file changed, 17 insertions(+), 36 deletions(-)
[master f2a20207] update content
 1 file changed, 17 insertions(+), 36 deletions(-)


================================================================================
2020-03-02 23:59:39
Already up to date.
Already up to date.
build targets:  ['s', 'q', 'e']
Build count:  295
Current build: Home[1], Categoary[20]
Loading URL: http://www.konachan.net/post.json?limit=100&tags=rating:questionable
Failed, timed out
Loading URL: http://www.konachan.net/post.json?limit=100&tags=fujisaki_hikari
Failed, [WinError 10054] 远程主机强迫关闭了一个现有的连接。
 log.txt | 34 +++++++++++++++++-----------------
 1 file changed, 17 insertions(+), 17 deletions(-)
[master aec83e78] update content
 1 file changed, 17 insertions(+), 17 deletions(-)


================================================================================
2020-03-03 00:05:51
Already up to date.
Already up to date.
build targets:  ['s', 'q', 'e']
Build count:  296
Current build: Home[2], Categoary[21]
Loading URL: http://www.konachan.net/post.json?limit=100&tags=rating:explicit
Failed, timed out
Loading URL: http://www.konachan.net/post.json?limit=100&tags=higandgk
Failed, timed out
 log.txt | 34 +++++++++++++++++-----------------
 1 file changed, 17 insertions(+), 17 deletions(-)
[master 48d8e151] update content
 1 file changed, 17 insertions(+), 17 deletions(-)


================================================================================
2020-03-03 00:12:42
Already up to date.
Already up to date.
build targets:  ['s', 'q', 'e']
Build count:  297
Current build: Home[0], Categoary[22]
Loading URL: http://www.konachan.net/post.json?limit=100&tags=rating:safe
Failed, timed out
Loading URL: http://www.konachan.net/post.json?limit=100&tags=lium
Failed, <urlopen error [WinError 10060] 由于连接方在一段时间后没有正确答复或连接的主机没有反应，连接尝试失败。>
 log.txt | 34 +++++++++++++++++-----------------
 1 file changed, 17 insertions(+), 17 deletions(-)
[master d4986649] update content
 1 file changed, 17 insertions(+), 17 deletions(-)


================================================================================
2020-03-03 00:19:42
Already up to date.
Already up to date.
build targets:  ['s', 'q', 'e']
Build count:  298
Current build: Home[1], Categoary[23]
Loading URL: http://www.konachan.net/post.json?limit=100&tags=rating:questionable
Failed, <urlopen error [WinError 10060] 由于连接方在一段时间后没有正确答复或连接的主机没有反应，连接尝试失败。>
Loading URL: http://www.konachan.net/post.json?limit=100&tags=dead_line
Success, decoding JSON
update cache file  ../c/artist/dead_line/cache.json
new cache size  8
show posts order by time, reverse
Rendering to ../c/artist/dead_line/index.html
Page refreshed
Rendering to ../c/artist/dead_line/m/index.html
Page refreshed
Rendering to ../c/artist/dead_line/q/index.html
Page refreshed
Rendering to ../c/artist/dead_line/q/m/index.html
Page refreshed
Rendering to ../c/artist/dead_line/e/index.html
Page refreshed
Rendering to ../c/artist/dead_line/e/m/index.html
Page refreshed
 log.txt | 49 ++++++++++++++++++++++++++++++++-----------------
 1 file changed, 32 insertions(+), 17 deletions(-)
[master 27ff9bfd] update content
 1 file changed, 32 insertions(+), 17 deletions(-)


================================================================================
2020-03-03 00:26:06
Already up to date.
Already up to date.
build targets:  ['s', 'q', 'e']
Build count:  299
Current build: Home[2], Categoary[24]
Loading URL: http://www.konachan.net/post.json?limit=100&tags=rating:explicit
Failed, <urlopen error [WinError 10060] 由于连接方在一段时间后没有正确答复或连接的主机没有反应，连接尝试失败。>
Loading URL: http://www.konachan.net/post.json?limit=100&tags=mayogii
Failed, <urlopen error [WinError 10060] 由于连接方在一段时间后没有正确答复或连接的主机没有反应，连接尝试失败。>
