C:\Users\Administrator\proj\konachan100.github.io>git add * 

C:\Users\Administrator\proj\konachan100.github.io>git commit -m "update content" 
[master be8d3c06] update content
 1 file changed, 54 insertions(+)

C:\Users\Administrator\proj\konachan100.github.io>git push 


================================================================================
2020/03/02 周一 12:31:38.14

C:\Users\Administrator\proj\konachan100.github.io>git pull 
Already up to date.

C:\Users\Administrator\proj\konachan100.github.io>if not exist "src" git clone git@github.com:konachan100/konachan100-src.git src 

C:\Users\Administrator\proj\konachan100.github.io>cd src 

C:\Users\Administrator\proj\konachan100.github.io\src>call gen.bat 

C:\Users\Administrator\proj\konachan100.github.io\src>git pull 
Already up to date.

C:\Users\Administrator\proj\konachan100.github.io\src>python konachan100.py 
build targets:  ['s', 'q', 'e']
Build count:  177
Current build: Home[0], Categoary[1]
Loading URL: http://www.konachan.net/post.json?limit=100&tags=rating:safe
Success, decoding JSON
Rendering to ../index.html
Page refreshed
Rendering to ../m/index.html
Page refreshed
Loading URL: http://www.konachan.net/post.json?limit=100&tags=rating:questionable
Success, decoding JSON
update cache file  ../c/hot/cache.json
new cache size  618

C:\Users\Administrator\proj\konachan100.github.io\src>cd .. 

C:\Users\Administrator\proj\konachan100.github.io>git diff --stat 
 index.html   | 252 +++++++++++++++++++++++++++++------------------------------
 log.txt      |  45 +++++++++++
 m/index.html |  14 ++--
 3 files changed, 178 insertions(+), 133 deletions(-)

C:\Users\Administrator\proj\konachan100.github.io>git add * 

C:\Users\Administrator\proj\konachan100.github.io>git commit -m "update content" 
[master 72b40283] update content
 3 files changed, 178 insertions(+), 133 deletions(-)

C:\Users\Administrator\proj\konachan100.github.io>git push 


================================================================================
2020/03/02 周一 12:37:01.21

C:\Users\Administrator\proj\konachan100.github.io>git pull 
Already up to date.

C:\Users\Administrator\proj\konachan100.github.io>if not exist "src" git clone git@github.com:konachan100/konachan100-src.git src 

C:\Users\Administrator\proj\konachan100.github.io>cd src 

C:\Users\Administrator\proj\konachan100.github.io\src>call gen.bat 

C:\Users\Administrator\proj\konachan100.github.io\src>git pull 
Already up to date.

C:\Users\Administrator\proj\konachan100.github.io\src>python konachan100.py 
build targets:  ['s', 'q', 'e']
Build count:  178
Current build: Home[1], Categoary[2]
Loading URL: http://www.konachan.net/post.json?limit=100&tags=rating:questionable
Success, decoding JSON
Rendering to ../q/index.html
Page refreshed
Rendering to ../q/m/index.html
Page refreshed
Loading URL: http://www.konachan.net/post.json?limit=100&tags=rating:explicit
Success, decoding JSON
update cache file  ../c/hot/cache.json
new cache size  618

C:\Users\Administrator\proj\konachan100.github.io\src>cd .. 

C:\Users\Administrator\proj\konachan100.github.io>git diff --stat 
 log.txt | 47 +++++++++++++++++++++++++++++++++++++++++++++++
 1 file changed, 47 insertions(+)

C:\Users\Administrator\proj\konachan100.github.io>git add * 

C:\Users\Administrator\proj\konachan100.github.io>git commit -m "update content" 
[master bc5ca752] update content
 1 file changed, 47 insertions(+)

C:\Users\Administrator\proj\konachan100.github.io>git push 


================================================================================
2020/03/02 周一 12:42:20.16

C:\Users\Administrator\proj\konachan100.github.io>git pull 
Already up to date.

C:\Users\Administrator\proj\konachan100.github.io>if not exist "src" git clone git@github.com:konachan100/konachan100-src.git src 

C:\Users\Administrator\proj\konachan100.github.io>cd src 

C:\Users\Administrator\proj\konachan100.github.io\src>call gen.bat 

C:\Users\Administrator\proj\konachan100.github.io\src>git pull 
Already up to date.

C:\Users\Administrator\proj\konachan100.github.io\src>python konachan100.py 
build targets:  ['s', 'q', 'e']
Build count:  179
Current build: Home[2], Categoary[3]
Loading URL: http://www.konachan.net/post.json?limit=100&tags=rating:explicit
Success, decoding JSON
Rendering to ../e/index.html
Page refreshed
Rendering to ../e/m/index.html
Page refreshed
Skip Loading for build path  ../c/hot/
update cache file  ../c/hot/cache.json
new cache size  618
show posts order by score, reverse
Rendering to ../c/hot/index.html
Page refreshed
Rendering to ../c/hot/m/index.html
Page refreshed
Rendering to ../c/hot/q/index.html
Page refreshed
Rendering to ../c/hot/q/m/index.html
Page refreshed
Rendering to ../c/hot/e/index.html
Page refreshed
Rendering to ../c/hot/e/m/index.html
Page refreshed

C:\Users\Administrator\proj\konachan100.github.io\src>cd .. 

C:\Users\Administrator\proj\konachan100.github.io>git diff --stat 
 c/hot/e/index.html   | 104 +++++++-------
 c/hot/e/m/index.html |  60 ++++----
 c/hot/e/post.json    | 382 +++++++++++++++++++++++++--------------------------
 c/hot/index.html     | 210 ++++++++++++++--------------
 c/hot/m/index.html   |  56 ++++----
 c/hot/post.json      | 380 +++++++++++++++++++++++++-------------------------
 c/hot/q/index.html   | 138 +++++++++----------
 c/hot/q/m/index.html |  36 ++---
 c/hot/q/post.json    | 232 +++++++++++++++----------------
 log.txt              |  57 ++++++++
 10 files changed, 856 insertions(+), 799 deletions(-)

C:\Users\Administrator\proj\konachan100.github.io>git add * 

C:\Users\Administrator\proj\konachan100.github.io>git commit -m "update content" 
[master 17eb03f0] update content
 10 files changed, 856 insertions(+), 799 deletions(-)

C:\Users\Administrator\proj\konachan100.github.io>git push 


================================================================================
2020/03/02 周一 12:47:38.14

C:\Users\Administrator\proj\konachan100.github.io>git pull 
Already up to date.

C:\Users\Administrator\proj\konachan100.github.io>if not exist "src" git clone git@github.com:konachan100/konachan100-src.git src 

C:\Users\Administrator\proj\konachan100.github.io>cd src 

C:\Users\Administrator\proj\konachan100.github.io\src>call gen.bat 

C:\Users\Administrator\proj\konachan100.github.io\src>git pull 
Already up to date.

C:\Users\Administrator\proj\konachan100.github.io\src>python konachan100.py 
build targets:  ['s', 'q', 'e']
Build count:  180
Current build: Home[0], Categoary[4]
Loading URL: http://www.konachan.net/post.json?limit=100&tags=rating:safe
Success, decoding JSON
Rendering to ../index.html
Page refreshed
Rendering to ../m/index.html
Page refreshed
Loading URL: http://www.konachan.net/post.json?limit=100&tags=touhou
Success, decoding JSON
update cache file  ../c/touhou/cache.json
new cache size  107
show posts order by time, reverse
Rendering to ../c/touhou/index.html
Page refreshed
Rendering to ../c/touhou/m/index.html
Page refreshed
Rendering to ../c/touhou/q/index.html
Page refreshed
Rendering to ../c/touhou/q/m/index.html
Page refreshed
Rendering to ../c/touhou/e/index.html
Page refreshed
Rendering to ../c/touhou/e/m/index.html
Page refreshed

C:\Users\Administrator\proj\konachan100.github.io\src>cd .. 

C:\Users\Administrator\proj\konachan100.github.io>git diff --stat 
 log.txt | 69 +++++++++++++++++++++++++++++++++++++++++++++++++++++++++++++++--
 1 file changed, 67 insertions(+), 2 deletions(-)

C:\Users\Administrator\proj\konachan100.github.io>git add * 

C:\Users\Administrator\proj\konachan100.github.io>git commit -m "update content" 
[master ae483430] update content
 1 file changed, 67 insertions(+), 2 deletions(-)

C:\Users\Administrator\proj\konachan100.github.io>git push 


================================================================================
2020/03/02 周一 12:53:00.21

C:\Users\Administrator\proj\konachan100.github.io>git pull 
Already up to date.

C:\Users\Administrator\proj\konachan100.github.io>if not exist "src" git clone git@github.com:konachan100/konachan100-src.git src 

C:\Users\Administrator\proj\konachan100.github.io>cd src 

C:\Users\Administrator\proj\konachan100.github.io\src>call gen.bat 

C:\Users\Administrator\proj\konachan100.github.io\src>git pull 
Already up to date.

C:\Users\Administrator\proj\konachan100.github.io\src>python konachan100.py 
build targets:  ['s', 'q', 'e']
Build count:  181
Current build: Home[1], Categoary[5]
Loading URL: http://www.konachan.net/post.json?limit=100&tags=rating:questionable
Success, decoding JSON
Rendering to ../q/index.html
Page refreshed
Rendering to ../q/m/index.html
Page refreshed
Loading URL: http://www.konachan.net/post.json?limit=100&tags=scenic
Success, decoding JSON
update cache file  ../c/scenic/cache.json
new cache size  102
show posts order by time, reverse
Rendering to ../c/scenic/index.html
Page refreshed
Rendering to ../c/scenic/m/index.html
Page refreshed
Rendering to ../c/scenic/q/index.html
Page refreshed
Rendering to ../c/scenic/q/m/index.html
Page refreshed
Rendering to ../c/scenic/e/index.html
Page refreshed
Rendering to ../c/scenic/e/m/index.html
Page refreshed

C:\Users\Administrator\proj\konachan100.github.io\src>cd .. 

C:\Users\Administrator\proj\konachan100.github.io>git diff --stat 
 log.txt | 116 ++++++++++++++++++++++++++++++++--------------------------------
 1 file changed, 58 insertions(+), 58 deletions(-)

C:\Users\Administrator\proj\konachan100.github.io>git add * 

C:\Users\Administrator\proj\konachan100.github.io>git commit -m "update content" 
[master b81439a9] update content
 1 file changed, 58 insertions(+), 58 deletions(-)

C:\Users\Administrator\proj\konachan100.github.io>git push 


================================================================================
2020/03/02 周一 12:58:26.15

C:\Users\Administrator\proj\konachan100.github.io>git pull 
Already up to date.

C:\Users\Administrator\proj\konachan100.github.io>if not exist "src" git clone git@github.com:konachan100/konachan100-src.git src 

C:\Users\Administrator\proj\konachan100.github.io>cd src 

C:\Users\Administrator\proj\konachan100.github.io\src>call gen.bat 

C:\Users\Administrator\proj\konachan100.github.io\src>git pull 
Already up to date.

C:\Users\Administrator\proj\konachan100.github.io\src>python konachan100.py 
build targets:  ['s', 'q', 'e']
Build count:  182
Current build: Home[2], Categoary[6]
Loading URL: http://www.konachan.net/post.json?limit=100&tags=rating:explicit
Success, decoding JSON
Rendering to ../e/index.html
Page refreshed
Rendering to ../e/m/index.html
Page refreshed
Loading URL: http://www.konachan.net/post.json?limit=100&tags=natsumoka
Success, decoding JSON
update cache file  ../c/artist/natsumoka/cache.json
new cache size  20
show posts order by time, reverse
Rendering to ../c/artist/natsumoka/index.html
Page refreshed
Rendering to ../c/artist/natsumoka/m/index.html
Page refreshed
Rendering to ../c/artist/natsumoka/q/index.html
Page refreshed
Rendering to ../c/artist/natsumoka/q/m/index.html
Page refreshed
Rendering to ../c/artist/natsumoka/e/index.html
Page refreshed
Rendering to ../c/artist/natsumoka/e/m/index.html
Page refreshed

C:\Users\Administrator\proj\konachan100.github.io\src>cd .. 

C:\Users\Administrator\proj\konachan100.github.io>git diff --stat 
 log.txt | 116 ++++++++++++++++++++++++++++++++--------------------------------
 1 file changed, 58 insertions(+), 58 deletions(-)

C:\Users\Administrator\proj\konachan100.github.io>git add * 

C:\Users\Administrator\proj\konachan100.github.io>git commit -m "update content" 
[master 7d5d5669] update content
 1 file changed, 58 insertions(+), 58 deletions(-)

C:\Users\Administrator\proj\konachan100.github.io>git push 


================================================================================
2020/03/02 周一 13:04:00.16

C:\Users\Administrator\proj\konachan100.github.io>git pull 
Already up to date.

C:\Users\Administrator\proj\konachan100.github.io>if not exist "src" git clone git@github.com:konachan100/konachan100-src.git src 

C:\Users\Administrator\proj\konachan100.github.io>cd src 

C:\Users\Administrator\proj\konachan100.github.io\src>call gen.bat 

C:\Users\Administrator\proj\konachan100.github.io\src>git pull 
Updating c529114..77ec1c8
Fast-forward
 content.json | 3 ++-
 1 file changed, 2 insertions(+), 1 deletion(-)

C:\Users\Administrator\proj\konachan100.github.io\src>python konachan100.py 
build targets:  ['s', 'q', 'e']
Build count:  183
Current build: Home[0], Categoary[22]
Loading URL: http://www.konachan.net/post.json?limit=100&tags=rating:safe
Success, decoding JSON
Rendering to ../index.html
Page refreshed
Rendering to ../m/index.html
Page refreshed
Loading URL: http://www.konachan.net/post.json?limit=100&tags=lium
Success, decoding JSON
update cache file  ../c/artist/lium/cache.json
new cache size  11
show posts order by time, reverse
Rendering to ../c/artist/lium/index.html
Page refreshed
Rendering to ../c/artist/lium/m/index.html
Page refreshed
Rendering to ../c/artist/lium/q/index.html
Page refreshed
Rendering to ../c/artist/lium/q/m/index.html
Page refreshed
Rendering to ../c/artist/lium/e/index.html
Page refreshed
Rendering to ../c/artist/lium/e/m/index.html
Page refreshed

C:\Users\Administrator\proj\konachan100.github.io\src>cd .. 

C:\Users\Administrator\proj\konachan100.github.io>git diff --stat 
 c/index.html |   4 ++
 log.txt      | 119 ++++++++++++++++++++++++++++++-----------------------------
 2 files changed, 65 insertions(+), 58 deletions(-)

C:\Users\Administrator\proj\konachan100.github.io>git add * 

C:\Users\Administrator\proj\konachan100.github.io>git commit -m "update content" 
[master 458081c3] update content
 11 files changed, 1539 insertions(+), 58 deletions(-)
 create mode 100644 c/artist/lium/e/index.html
 create mode 100644 c/artist/lium/e/m/index.html
 create mode 100644 c/artist/lium/e/post.json
 create mode 100644 c/artist/lium/index.html
 create mode 100644 c/artist/lium/m/index.html
 create mode 100644 c/artist/lium/post.json
 create mode 100644 c/artist/lium/q/index.html
 create mode 100644 c/artist/lium/q/m/index.html
 create mode 100644 c/artist/lium/q/post.json

C:\Users\Administrator\proj\konachan100.github.io>git push 


================================================================================
2020/03/02 周一 13:09:42.19

C:\Users\Administrator\proj\konachan100.github.io>git pull 
Already up to date.

C:\Users\Administrator\proj\konachan100.github.io>if not exist "src" git clone git@github.com:konachan100/konachan100-src.git src 

C:\Users\Administrator\proj\konachan100.github.io>cd src 

C:\Users\Administrator\proj\konachan100.github.io\src>call gen.bat 

C:\Users\Administrator\proj\konachan100.github.io\src>git pull 
Already up to date.

C:\Users\Administrator\proj\konachan100.github.io\src>python konachan100.py 
build targets:  ['s', 'q', 'e']
Build count:  184
Current build: Home[1], Categoary[0]
Loading URL: http://www.konachan.net/post.json?limit=100&tags=rating:questionable
Success, decoding JSON
Rendering to ../q/index.html
Page refreshed
Rendering to ../q/m/index.html
Page refreshed
Loading URL: http://www.konachan.net/post.json?limit=100&tags=rating:safe
Success, decoding JSON
update cache file  ../c/hot/cache.json
new cache size  618

C:\Users\Administrator\proj\konachan100.github.io\src>cd .. 

C:\Users\Administrator\proj\konachan100.github.io>git diff --stat 
 log.txt | 126 ++++++++++++++++++++++++++++------------------------------------
 1 file changed, 55 insertions(+), 71 deletions(-)

C:\Users\Administrator\proj\konachan100.github.io>git add * 

C:\Users\Administrator\proj\konachan100.github.io>git commit -m "update content" 
[master ee2d7604] update content
 1 file changed, 55 insertions(+), 71 deletions(-)

C:\Users\Administrator\proj\konachan100.github.io>git push 


================================================================================
2020/03/02 周一 13:15:02.21

C:\Users\Administrator\proj\konachan100.github.io>git pull 
Already up to date.

C:\Users\Administrator\proj\konachan100.github.io>if not exist "src" git clone git@github.com:konachan100/konachan100-src.git src 

C:\Users\Administrator\proj\konachan100.github.io>cd src 

C:\Users\Administrator\proj\konachan100.github.io\src>call gen.bat 

C:\Users\Administrator\proj\konachan100.github.io\src>git pull 
Already up to date.

C:\Users\Administrator\proj\konachan100.github.io\src>python konachan100.py 
build targets:  ['s', 'q', 'e']
Build count:  185
Current build: Home[2], Categoary[1]
Loading URL: http://www.konachan.net/post.json?limit=100&tags=rating:explicit
Success, decoding JSON
Rendering to ../e/index.html
Page refreshed
Rendering to ../e/m/index.html
Page refreshed
Loading URL: http://www.konachan.net/post.json?limit=100&tags=rating:questionable
Success, decoding JSON
update cache file  ../c/hot/cache.json
new cache size  618

C:\Users\Administrator\proj\konachan100.github.io\src>cd .. 

C:\Users\Administrator\proj\konachan100.github.io>git diff --stat 
 log.txt | 90 ++++++++++++++++++++++++++++++++---------------------------------
 1 file changed, 45 insertions(+), 45 deletions(-)

C:\Users\Administrator\proj\konachan100.github.io>git add * 

C:\Users\Administrator\proj\konachan100.github.io>git commit -m "update content" 
[master 1ebe356b] update content
 1 file changed, 47 insertions(+), 45 deletions(-)

C:\Users\Administrator\proj\konachan100.github.io>git push 


================================================================================
2020/03/02 周一 13:20:52.17

C:\Users\Administrator\proj\konachan100.github.io>git pull 
Already up to date.

C:\Users\Administrator\proj\konachan100.github.io>if not exist "src" git clone git@github.com:konachan100/konachan100-src.git src 

C:\Users\Administrator\proj\konachan100.github.io>cd src 

C:\Users\Administrator\proj\konachan100.github.io\src>call gen.bat 

C:\Users\Administrator\proj\konachan100.github.io\src>git pull 
Already up to date.

C:\Users\Administrator\proj\konachan100.github.io\src>python konachan100.py 
build targets:  ['s', 'q', 'e']
Build count:  186
Current build: Home[0], Categoary[2]
Loading URL: http://www.konachan.net/post.json?limit=100&tags=rating:safe
Success, decoding JSON
Rendering to ../index.html
Page refreshed
Rendering to ../m/index.html
Page refreshed
Loading URL: http://www.konachan.net/post.json?limit=100&tags=rating:explicit
Failed, timed out

C:\Users\Administrator\proj\konachan100.github.io\src>cd .. 

C:\Users\Administrator\proj\konachan100.github.io>git diff --stat 
