
C:\Users\Administrator\proj\konachan100.github.io>git push 


================================================================================
2020/03/02 周一 19:57:13.17

C:\Users\Administrator\proj\konachan100.github.io>git pull 
Already up to date.

C:\Users\Administrator\proj\konachan100.github.io>if not exist "src" git clone git@github.com:konachan100/konachan100-src.git src 

C:\Users\Administrator\proj\konachan100.github.io>cd src 

C:\Users\Administrator\proj\konachan100.github.io\src>call gen.bat 

C:\Users\Administrator\proj\konachan100.github.io\src>git pull 
Already up to date.

C:\Users\Administrator\proj\konachan100.github.io\src>python konachan100.py 
build targets:  ['s', 'q', 'e']
Build count:  258
Current build: Home[0], Categoary[18]
Loading URL: http://www.konachan.net/post.json?limit=100&tags=rating:safe
Failed, timed out
Loading URL: http://www.konachan.net/post.json?limit=100&tags=mivit
Failed, timed out

C:\Users\Administrator\proj\konachan100.github.io\src>cd .. 

C:\Users\Administrator\proj\konachan100.github.io>git diff --stat 
 log.txt | 97 ++++++++++++++++++++++++++---------------------------------------
 1 file changed, 39 insertions(+), 58 deletions(-)

C:\Users\Administrator\proj\konachan100.github.io>git add * 

C:\Users\Administrator\proj\konachan100.github.io>git commit -m "update content" 
[master f010bb9c] update content
 1 file changed, 39 insertions(+), 58 deletions(-)

C:\Users\Administrator\proj\konachan100.github.io>git push 


================================================================================
2020/03/02 周一 20:03:52.12

C:\Users\Administrator\proj\konachan100.github.io>git pull 
Already up to date.

C:\Users\Administrator\proj\konachan100.github.io>if not exist "src" git clone git@github.com:konachan100/konachan100-src.git src 

C:\Users\Administrator\proj\konachan100.github.io>cd src 

C:\Users\Administrator\proj\konachan100.github.io\src>call gen.bat 

C:\Users\Administrator\proj\konachan100.github.io\src>git pull 
Already up to date.

C:\Users\Administrator\proj\konachan100.github.io\src>python konachan100.py 
build targets:  ['s', 'q', 'e']
Build count:  259
Current build: Home[1], Categoary[19]
Loading URL: http://www.konachan.net/post.json?limit=100&tags=rating:questionable
Success, decoding JSON
Rendering to ../q/index.html
Page refreshed
Rendering to ../q/m/index.html
Page refreshed
Loading URL: http://www.konachan.net/post.json?limit=100&tags=hiten_goane_ryu
Success, decoding JSON
update cache file  ../c/artist/hiten_goane_ryu/cache.json
new cache size  91
show posts order by time, reverse
Rendering to ../c/artist/hiten_goane_ryu/index.html
Page refreshed
Rendering to ../c/artist/hiten_goane_ryu/m/index.html
Page refreshed
Rendering to ../c/artist/hiten_goane_ryu/q/index.html
Page refreshed
Rendering to ../c/artist/hiten_goane_ryu/q/m/index.html
Page refreshed
Rendering to ../c/artist/hiten_goane_ryu/e/index.html
Page refreshed
Rendering to ../c/artist/hiten_goane_ryu/e/m/index.html
Page refreshed

C:\Users\Administrator\proj\konachan100.github.io\src>cd .. 

C:\Users\Administrator\proj\konachan100.github.io>git diff --stat 
 log.txt | 97 +++++++++++++++++++++++++++++++++++++++--------------------------
 1 file changed, 58 insertions(+), 39 deletions(-)

C:\Users\Administrator\proj\konachan100.github.io>git add * 

C:\Users\Administrator\proj\konachan100.github.io>git commit -m "update content" 
[master cd25eb01] update content
 1 file changed, 58 insertions(+), 39 deletions(-)

C:\Users\Administrator\proj\konachan100.github.io>git push 


================================================================================
2020/03/02 周一 20:09:25.14

C:\Users\Administrator\proj\konachan100.github.io>git pull 
Already up to date.

C:\Users\Administrator\proj\konachan100.github.io>if not exist "src" git clone git@github.com:konachan100/konachan100-src.git src 

C:\Users\Administrator\proj\konachan100.github.io>cd src 

C:\Users\Administrator\proj\konachan100.github.io\src>call gen.bat 

C:\Users\Administrator\proj\konachan100.github.io\src>git pull 
Already up to date.

C:\Users\Administrator\proj\konachan100.github.io\src>python konachan100.py 
build targets:  ['s', 'q', 'e']
Build count:  260
Current build: Home[2], Categoary[20]
Loading URL: http://www.konachan.net/post.json?limit=100&tags=rating:explicit
Success, decoding JSON
Rendering to ../e/index.html
Page refreshed
Rendering to ../e/m/index.html
Page refreshed
Loading URL: http://www.konachan.net/post.json?limit=100&tags=fujisaki_hikari
Success, decoding JSON
update cache file  ../c/artist/fujisaki_hikari/cache.json
new cache size  31
show posts order by time, reverse
Rendering to ../c/artist/fujisaki_hikari/index.html
Page refreshed
Rendering to ../c/artist/fujisaki_hikari/m/index.html
Page refreshed
Rendering to ../c/artist/fujisaki_hikari/q/index.html
Page refreshed
Rendering to ../c/artist/fujisaki_hikari/q/m/index.html
Page refreshed
Rendering to ../c/artist/fujisaki_hikari/e/index.html
Page refreshed
Rendering to ../c/artist/fujisaki_hikari/e/m/index.html
Page refreshed

C:\Users\Administrator\proj\konachan100.github.io\src>cd .. 

C:\Users\Administrator\proj\konachan100.github.io>git diff --stat 
 log.txt | 116 ++++++++++++++++++++++++++++++++--------------------------------
 1 file changed, 58 insertions(+), 58 deletions(-)

C:\Users\Administrator\proj\konachan100.github.io>git add * 

C:\Users\Administrator\proj\konachan100.github.io>git commit -m "update content" 
[master eb886199] update content
 1 file changed, 58 insertions(+), 58 deletions(-)

C:\Users\Administrator\proj\konachan100.github.io>git push 


================================================================================
2020/03/02 周一 20:14:48.18

C:\Users\Administrator\proj\konachan100.github.io>git pull 
Already up to date.

C:\Users\Administrator\proj\konachan100.github.io>if not exist "src" git clone git@github.com:konachan100/konachan100-src.git src 

C:\Users\Administrator\proj\konachan100.github.io>cd src 

C:\Users\Administrator\proj\konachan100.github.io\src>call gen.bat 

C:\Users\Administrator\proj\konachan100.github.io\src>git pull 
Already up to date.

C:\Users\Administrator\proj\konachan100.github.io\src>python konachan100.py 
build targets:  ['s', 'q', 'e']
Build count:  261
Current build: Home[0], Categoary[21]
Loading URL: http://www.konachan.net/post.json?limit=100&tags=rating:safe
Success, decoding JSON
Rendering to ../index.html
Page refreshed
Rendering to ../m/index.html
Page refreshed
Loading URL: http://www.konachan.net/post.json?limit=100&tags=higandgk
Success, decoding JSON
update cache file  ../c/artist/higandgk/cache.json
new cache size  23
show posts order by time, reverse
Rendering to ../c/artist/higandgk/index.html
Page refreshed
Rendering to ../c/artist/higandgk/m/index.html
Page refreshed
Rendering to ../c/artist/higandgk/q/index.html
Page refreshed
Rendering to ../c/artist/higandgk/q/m/index.html
Page refreshed
Rendering to ../c/artist/higandgk/e/index.html
Page refreshed
Rendering to ../c/artist/higandgk/e/m/index.html
Page refreshed

C:\Users\Administrator\proj\konachan100.github.io\src>cd .. 

C:\Users\Administrator\proj\konachan100.github.io>git diff --stat 
 index.html   | 350 +++++++++++++++++++++++++++++------------------------------
 log.txt      | 116 ++++++++++----------
 m/index.html |  12 +-
 3 files changed, 239 insertions(+), 239 deletions(-)

C:\Users\Administrator\proj\konachan100.github.io>git add * 

C:\Users\Administrator\proj\konachan100.github.io>git commit -m "update content" 
[master ccc24762] update content
 3 files changed, 239 insertions(+), 239 deletions(-)

C:\Users\Administrator\proj\konachan100.github.io>git push 


================================================================================
2020/03/02 周一 20:20:10.11

C:\Users\Administrator\proj\konachan100.github.io>git pull 
Already up to date.

C:\Users\Administrator\proj\konachan100.github.io>if not exist "src" git clone git@github.com:konachan100/konachan100-src.git src 

C:\Users\Administrator\proj\konachan100.github.io>cd src 

C:\Users\Administrator\proj\konachan100.github.io\src>call gen.bat 

C:\Users\Administrator\proj\konachan100.github.io\src>git pull 
Already up to date.

C:\Users\Administrator\proj\konachan100.github.io\src>python konachan100.py 
build targets:  ['s', 'q', 'e']
Build count:  262
Current build: Home[1], Categoary[22]
Loading URL: http://www.konachan.net/post.json?limit=100&tags=rating:questionable
Success, decoding JSON
Rendering to ../q/index.html
Page refreshed
Rendering to ../q/m/index.html
Page refreshed
Loading URL: http://www.konachan.net/post.json?limit=100&tags=lium
Success, decoding JSON
update cache file  ../c/artist/lium/cache.json
new cache size  11
show posts order by time, reverse
Rendering to ../c/artist/lium/index.html
Page refreshed
Rendering to ../c/artist/lium/m/index.html
Page refreshed
Rendering to ../c/artist/lium/q/index.html
Page refreshed
Rendering to ../c/artist/lium/q/m/index.html
Page refreshed
Rendering to ../c/artist/lium/e/index.html
Page refreshed
Rendering to ../c/artist/lium/e/m/index.html
Page refreshed

C:\Users\Administrator\proj\konachan100.github.io\src>cd .. 

C:\Users\Administrator\proj\konachan100.github.io>git diff --stat 
 log.txt | 120 ++++++++++++++++++++++++++++++++--------------------------------
 1 file changed, 60 insertions(+), 60 deletions(-)

C:\Users\Administrator\proj\konachan100.github.io>git add * 

C:\Users\Administrator\proj\konachan100.github.io>git commit -m "update content" 
[master 3ac9f5e7] update content
 1 file changed, 60 insertions(+), 60 deletions(-)

C:\Users\Administrator\proj\konachan100.github.io>git push 


================================================================================
2020/03/02 周一 20:25:43.15

C:\Users\Administrator\proj\konachan100.github.io>git pull 
Already up to date.

C:\Users\Administrator\proj\konachan100.github.io>if not exist "src" git clone git@github.com:konachan100/konachan100-src.git src 

C:\Users\Administrator\proj\konachan100.github.io>cd src 

C:\Users\Administrator\proj\konachan100.github.io\src>call gen.bat 

C:\Users\Administrator\proj\konachan100.github.io\src>git pull 
Already up to date.

C:\Users\Administrator\proj\konachan100.github.io\src>python konachan100.py 
build targets:  ['s', 'q', 'e']
Build count:  263
Current build: Home[2], Categoary[23]
Loading URL: http://www.konachan.net/post.json?limit=100&tags=rating:explicit
Success, decoding JSON
Rendering to ../e/index.html
Page refreshed
Rendering to ../e/m/index.html
Page refreshed
Loading URL: http://www.konachan.net/post.json?limit=100&tags=dead_line
Success, decoding JSON
update cache file  ../c/artist/dead_line/cache.json
new cache size  8
show posts order by time, reverse
Rendering to ../c/artist/dead_line/index.html
Page refreshed
Rendering to ../c/artist/dead_line/m/index.html
Page refreshed
Rendering to ../c/artist/dead_line/q/index.html
Page refreshed
Rendering to ../c/artist/dead_line/q/m/index.html
Page refreshed
Rendering to ../c/artist/dead_line/e/index.html
Page refreshed
Rendering to ../c/artist/dead_line/e/m/index.html
Page refreshed

C:\Users\Administrator\proj\konachan100.github.io\src>cd .. 

C:\Users\Administrator\proj\konachan100.github.io>git diff --stat 
 log.txt | 116 ++++++++++++++++++++++++++++++++--------------------------------
 1 file changed, 58 insertions(+), 58 deletions(-)

C:\Users\Administrator\proj\konachan100.github.io>git add * 

C:\Users\Administrator\proj\konachan100.github.io>git commit -m "update content" 
[master a9a6cfa5] update content
 1 file changed, 58 insertions(+), 58 deletions(-)

C:\Users\Administrator\proj\konachan100.github.io>git push 


================================================================================
2020/03/02 周一 20:31:03.19

C:\Users\Administrator\proj\konachan100.github.io>git pull 
Already up to date.

C:\Users\Administrator\proj\konachan100.github.io>if not exist "src" git clone git@github.com:konachan100/konachan100-src.git src 

C:\Users\Administrator\proj\konachan100.github.io>cd src 

C:\Users\Administrator\proj\konachan100.github.io\src>call gen.bat 

C:\Users\Administrator\proj\konachan100.github.io\src>git pull 
Already up to date.

C:\Users\Administrator\proj\konachan100.github.io\src>python konachan100.py 
build targets:  ['s', 'q', 'e']
Build count:  264
Current build: Home[0], Categoary[0]
Loading URL: http://www.konachan.net/post.json?limit=100&tags=rating:safe
Success, decoding JSON
Rendering to ../index.html
Page refreshed
Rendering to ../m/index.html
Page refreshed
Loading URL: http://www.konachan.net/post.json?limit=100&tags=rating:safe
Success, decoding JSON
update cache file  ../c/hot/cache.json
new cache size  620

C:\Users\Administrator\proj\konachan100.github.io\src>cd .. 

C:\Users\Administrator\proj\konachan100.github.io>git diff --stat 
 log.txt | 103 ++++++++++++++++++++++++++++------------------------------------
 1 file changed, 45 insertions(+), 58 deletions(-)

C:\Users\Administrator\proj\konachan100.github.io>git add * 

C:\Users\Administrator\proj\konachan100.github.io>git commit -m "update content" 
[master 0d8645f4] update content
 1 file changed, 45 insertions(+), 58 deletions(-)

C:\Users\Administrator\proj\konachan100.github.io>git push 


================================================================================
2020/03/02 周一 20:36:21.11

C:\Users\Administrator\proj\konachan100.github.io>git pull 
Already up to date.

C:\Users\Administrator\proj\konachan100.github.io>if not exist "src" git clone git@github.com:konachan100/konachan100-src.git src 

C:\Users\Administrator\proj\konachan100.github.io>cd src 

C:\Users\Administrator\proj\konachan100.github.io\src>call gen.bat 

C:\Users\Administrator\proj\konachan100.github.io\src>git pull 
Updating f184632..de14bb1
Fast-forward
 content.json | 3 ++-
 1 file changed, 2 insertions(+), 1 deletion(-)

C:\Users\Administrator\proj\konachan100.github.io\src>python konachan100.py 
build targets:  ['s', 'q', 'e']
Build count:  265
Current build: Home[1], Categoary[15]
Loading URL: http://www.konachan.net/post.json?limit=100&tags=rating:questionable
Success, decoding JSON
Rendering to ../q/index.html
Page refreshed
Rendering to ../q/m/index.html
Page refreshed
Loading URL: http://www.konachan.net/post.json?limit=100&tags=miyase_mahiro
Success, decoding JSON
update cache file  ../c/artist/miyase_mahiro/cache.json
new cache size  41
show posts order by time, reverse
Rendering to ../c/artist/miyase_mahiro/index.html
Page refreshed
Rendering to ../c/artist/miyase_mahiro/m/index.html
Page refreshed
Rendering to ../c/artist/miyase_mahiro/q/index.html
Page refreshed
Rendering to ../c/artist/miyase_mahiro/q/m/index.html
Page refreshed
Rendering to ../c/artist/miyase_mahiro/e/index.html
Page refreshed
Rendering to ../c/artist/miyase_mahiro/e/m/index.html
Page refreshed

C:\Users\Administrator\proj\konachan100.github.io\src>cd .. 

C:\Users\Administrator\proj\konachan100.github.io>git diff --stat 
 c/index.html |   4 +++
 log.txt      | 106 ++++++++++++++++++++++++++++++++++-------------------------
 2 files changed, 65 insertions(+), 45 deletions(-)

C:\Users\Administrator\proj\konachan100.github.io>git add * 

C:\Users\Administrator\proj\konachan100.github.io>git commit -m "update content" 
[master b3e6a578] update content
 2 files changed, 65 insertions(+), 45 deletions(-)

C:\Users\Administrator\proj\konachan100.github.io>git push 


================================================================================
2020/03/02 周一 20:41:50.18

C:\Users\Administrator\proj\konachan100.github.io>git pull 
Already up to date.

C:\Users\Administrator\proj\konachan100.github.io>if not exist "src" git clone git@github.com:konachan100/konachan100-src.git src 

C:\Users\Administrator\proj\konachan100.github.io>cd src 

C:\Users\Administrator\proj\konachan100.github.io\src>call gen.bat 

C:\Users\Administrator\proj\konachan100.github.io\src>git pull 
Already up to date.

C:\Users\Administrator\proj\konachan100.github.io\src>python konachan100.py 
build targets:  ['s', 'q', 'e']
Build count:  266
Current build: Home[2], Categoary[16]
Loading URL: http://www.konachan.net/post.json?limit=100&tags=rating:explicit
Success, decoding JSON
Rendering to ../e/index.html
Page refreshed
Rendering to ../e/m/index.html
Page refreshed
Loading URL: http://www.konachan.net/post.json?limit=100&tags=kino_(kino_konomi)
Success, decoding JSON
update cache file  ../c/artist/kino_(kino_konomi)/cache.json
new cache size  73
show posts order by time, reverse
Rendering to ../c/artist/kino_(kino_konomi)/index.html
Page refreshed
Rendering to ../c/artist/kino_(kino_konomi)/m/index.html
Page refreshed
Rendering to ../c/artist/kino_(kino_konomi)/q/index.html
Page refreshed
Rendering to ../c/artist/kino_(kino_konomi)/q/m/index.html
Page refreshed
Rendering to ../c/artist/kino_(kino_konomi)/e/index.html
Page refreshed
Rendering to ../c/artist/kino_(kino_konomi)/e/m/index.html
Page refreshed

C:\Users\Administrator\proj\konachan100.github.io\src>cd .. 

C:\Users\Administrator\proj\konachan100.github.io>git diff --stat 
 e/index.html   | 350 ++++++++++++++++++++++++++++-----------------------------
 e/m/index.html |  12 +-
 log.txt        | 121 ++++++++++----------
 3 files changed, 240 insertions(+), 243 deletions(-)

C:\Users\Administrator\proj\konachan100.github.io>git add * 

C:\Users\Administrator\proj\konachan100.github.io>git commit -m "update content" 
[master 64bcbcff] update content
 3 files changed, 240 insertions(+), 243 deletions(-)

C:\Users\Administrator\proj\konachan100.github.io>git push 


================================================================================
2020/03/02 周一 20:47:12.18

C:\Users\Administrator\proj\konachan100.github.io>git pull 
Already up to date.

C:\Users\Administrator\proj\konachan100.github.io>if not exist "src" git clone git@github.com:konachan100/konachan100-src.git src 

C:\Users\Administrator\proj\konachan100.github.io>cd src 

C:\Users\Administrator\proj\konachan100.github.io\src>call gen.bat 

C:\Users\Administrator\proj\konachan100.github.io\src>git pull 
Already up to date.

C:\Users\Administrator\proj\konachan100.github.io\src>python konachan100.py 
build targets:  ['s', 'q', 'e']
Build count:  267
Current build: Home[0], Categoary[17]
Loading URL: http://www.konachan.net/post.json?limit=100&tags=rating:safe
Success, decoding JSON
Rendering to ../index.html
Page refreshed
Rendering to ../m/index.html
Page refreshed
Loading URL: http://www.konachan.net/post.json?limit=100&tags=ryo
Success, decoding JSON
update cache file  ../c/artist/ryo/cache.json
new cache size  55
show posts order by time, reverse
Rendering to ../c/artist/ryo/index.html
Page refreshed
Rendering to ../c/artist/ryo/m/index.html
Page refreshed
Rendering to ../c/artist/ryo/q/index.html
Page refreshed
Rendering to ../c/artist/ryo/q/m/index.html
Page refreshed
Rendering to ../c/artist/ryo/e/index.html
Page refreshed
Rendering to ../c/artist/ryo/e/m/index.html
Page refreshed

C:\Users\Administrator\proj\konachan100.github.io\src>cd .. 

C:\Users\Administrator\proj\konachan100.github.io>git diff --stat 
