C:\Users\Administrator\proj\konachan100.github.io>git pull 
Already up to date.

C:\Users\Administrator\proj\konachan100.github.io>if not exist "src" git clone git@github.com:konachan100/konachan100-src.git src 

C:\Users\Administrator\proj\konachan100.github.io>cd src 

C:\Users\Administrator\proj\konachan100.github.io\src>call gen.bat 

C:\Users\Administrator\proj\konachan100.github.io\src>git pull 
Already up to date.

C:\Users\Administrator\proj\konachan100.github.io\src>python konachan100.py 
build targets:  ['s', 'q', 'e']
Build count:  251
Current build: Home[2], Categoary[11]
Loading URL: http://www.konachan.net/post.json?limit=100&tags=rating:explicit
Success, decoding JSON
Rendering to ../e/index.html
Page refreshed
Rendering to ../e/m/index.html
Page refreshed
Loading URL: http://www.konachan.net/post.json?limit=100&tags=sousouman
Success, decoding JSON
update cache file  ../c/artist/sousouman/cache.json
new cache size  83
show posts order by time, reverse
Rendering to ../c/artist/sousouman/index.html
Page refreshed
Rendering to ../c/artist/sousouman/m/index.html
Page refreshed
Rendering to ../c/artist/sousouman/q/index.html
Page refreshed
Rendering to ../c/artist/sousouman/q/m/index.html
Page refreshed
Rendering to ../c/artist/sousouman/e/index.html
Page refreshed
Rendering to ../c/artist/sousouman/e/m/index.html
Page refreshed

C:\Users\Administrator\proj\konachan100.github.io\src>cd .. 

C:\Users\Administrator\proj\konachan100.github.io>git diff --stat 
 c/artist/sousouman/post.json |   2 +-
 log.txt                      | 116 +++++++++++++++++++++----------------------
 2 files changed, 59 insertions(+), 59 deletions(-)

C:\Users\Administrator\proj\konachan100.github.io>git add * 

C:\Users\Administrator\proj\konachan100.github.io>git commit -m "update content" 
[master 602bb3f1] update content
 2 files changed, 59 insertions(+), 59 deletions(-)

C:\Users\Administrator\proj\konachan100.github.io>git push 


================================================================================
2020/03/02 周一 19:24:37.20

C:\Users\Administrator\proj\konachan100.github.io>git pull 
Already up to date.

C:\Users\Administrator\proj\konachan100.github.io>if not exist "src" git clone git@github.com:konachan100/konachan100-src.git src 

C:\Users\Administrator\proj\konachan100.github.io>cd src 

C:\Users\Administrator\proj\konachan100.github.io\src>call gen.bat 

C:\Users\Administrator\proj\konachan100.github.io\src>git pull 
Already up to date.

C:\Users\Administrator\proj\konachan100.github.io\src>python konachan100.py 
build targets:  ['s', 'q', 'e']
Build count:  252
Current build: Home[0], Categoary[12]
Loading URL: http://www.konachan.net/post.json?limit=100&tags=rating:safe
Success, decoding JSON
Rendering to ../index.html
Page refreshed
Rendering to ../m/index.html
Page refreshed
Loading URL: http://www.konachan.net/post.json?limit=100&tags=ke-ta
Success, decoding JSON
update cache file  ../c/artist/ke-ta/cache.json
new cache size  197
show posts order by time, reverse
Rendering to ../c/artist/ke-ta/index.html
Page refreshed
Rendering to ../c/artist/ke-ta/m/index.html
Page refreshed
Rendering to ../c/artist/ke-ta/q/index.html
Page refreshed
Rendering to ../c/artist/ke-ta/q/m/index.html
Page refreshed
Rendering to ../c/artist/ke-ta/e/index.html
Page refreshed
Rendering to ../c/artist/ke-ta/e/m/index.html
Page refreshed

C:\Users\Administrator\proj\konachan100.github.io\src>cd .. 

C:\Users\Administrator\proj\konachan100.github.io>git diff --stat 
 log.txt | 118 ++++++++++++++++++++++++++++++++--------------------------------
 1 file changed, 59 insertions(+), 59 deletions(-)

C:\Users\Administrator\proj\konachan100.github.io>git add * 

C:\Users\Administrator\proj\konachan100.github.io>git commit -m "update content" 
[master 8e095241] update content
 1 file changed, 59 insertions(+), 59 deletions(-)

C:\Users\Administrator\proj\konachan100.github.io>git push 


================================================================================
2020/03/02 周一 19:30:00.21

C:\Users\Administrator\proj\konachan100.github.io>git pull 
Already up to date.

C:\Users\Administrator\proj\konachan100.github.io>if not exist "src" git clone git@github.com:konachan100/konachan100-src.git src 

C:\Users\Administrator\proj\konachan100.github.io>cd src 

C:\Users\Administrator\proj\konachan100.github.io\src>call gen.bat 

C:\Users\Administrator\proj\konachan100.github.io\src>git pull 
Already up to date.

C:\Users\Administrator\proj\konachan100.github.io\src>python konachan100.py 
build targets:  ['s', 'q', 'e']
Build count:  253
Current build: Home[1], Categoary[13]
Loading URL: http://www.konachan.net/post.json?limit=100&tags=rating:questionable
Success, decoding JSON
Rendering to ../q/index.html
Page refreshed
Rendering to ../q/m/index.html
Page refreshed
Loading URL: http://www.konachan.net/post.json?limit=100&tags=mauve
Success, decoding JSON
update cache file  ../c/artist/mauve/cache.json
new cache size  33
show posts order by time, reverse
Rendering to ../c/artist/mauve/index.html
Page refreshed
Rendering to ../c/artist/mauve/m/index.html
Page refreshed
Rendering to ../c/artist/mauve/q/index.html
Page refreshed
Rendering to ../c/artist/mauve/q/m/index.html
Page refreshed
Rendering to ../c/artist/mauve/e/index.html
Page refreshed
Rendering to ../c/artist/mauve/e/m/index.html
Page refreshed

C:\Users\Administrator\proj\konachan100.github.io\src>cd .. 

C:\Users\Administrator\proj\konachan100.github.io>git diff --stat 
 log.txt | 116 ++++++++++++++++++++++++++++++++--------------------------------
 1 file changed, 58 insertions(+), 58 deletions(-)

C:\Users\Administrator\proj\konachan100.github.io>git add * 

C:\Users\Administrator\proj\konachan100.github.io>git commit -m "update content" 
[master 52922c7e] update content
 1 file changed, 58 insertions(+), 58 deletions(-)

C:\Users\Administrator\proj\konachan100.github.io>git push 


================================================================================
2020/03/02 周一 19:35:21.18

C:\Users\Administrator\proj\konachan100.github.io>git pull 
Already up to date.

C:\Users\Administrator\proj\konachan100.github.io>if not exist "src" git clone git@github.com:konachan100/konachan100-src.git src 

C:\Users\Administrator\proj\konachan100.github.io>cd src 

C:\Users\Administrator\proj\konachan100.github.io\src>call gen.bat 

C:\Users\Administrator\proj\konachan100.github.io\src>git pull 
Already up to date.

C:\Users\Administrator\proj\konachan100.github.io\src>python konachan100.py 
build targets:  ['s', 'q', 'e']
Build count:  254
Current build: Home[2], Categoary[14]
Loading URL: http://www.konachan.net/post.json?limit=100&tags=rating:explicit
Success, decoding JSON
Rendering to ../e/index.html
Page refreshed
Rendering to ../e/m/index.html
Page refreshed
Loading URL: http://www.konachan.net/post.json?limit=100&tags=onineko
Success, decoding JSON
update cache file  ../c/artist/onineko/cache.json
new cache size  56
show posts order by time, reverse
Rendering to ../c/artist/onineko/index.html
Page refreshed
Rendering to ../c/artist/onineko/m/index.html
Page refreshed
Rendering to ../c/artist/onineko/q/index.html
Page refreshed
Rendering to ../c/artist/onineko/q/m/index.html
Page refreshed
Rendering to ../c/artist/onineko/e/index.html
Page refreshed
Rendering to ../c/artist/onineko/e/m/index.html
Page refreshed

C:\Users\Administrator\proj\konachan100.github.io\src>cd .. 

C:\Users\Administrator\proj\konachan100.github.io>git diff --stat 
 log.txt | 116 ++++++++++++++++++++++++++++++++--------------------------------
 1 file changed, 58 insertions(+), 58 deletions(-)

C:\Users\Administrator\proj\konachan100.github.io>git add * 

C:\Users\Administrator\proj\konachan100.github.io>git commit -m "update content" 
[master 94b20f5d] update content
 1 file changed, 58 insertions(+), 58 deletions(-)

C:\Users\Administrator\proj\konachan100.github.io>git push 


================================================================================
2020/03/02 周一 19:40:46.12

C:\Users\Administrator\proj\konachan100.github.io>git pull 
Already up to date.

C:\Users\Administrator\proj\konachan100.github.io>if not exist "src" git clone git@github.com:konachan100/konachan100-src.git src 

C:\Users\Administrator\proj\konachan100.github.io>cd src 

C:\Users\Administrator\proj\konachan100.github.io\src>call gen.bat 

C:\Users\Administrator\proj\konachan100.github.io\src>git pull 
Already up to date.

C:\Users\Administrator\proj\konachan100.github.io\src>python konachan100.py 
build targets:  ['s', 'q', 'e']
Build count:  255
Current build: Home[0], Categoary[15]
Loading URL: http://www.konachan.net/post.json?limit=100&tags=rating:safe
Success, decoding JSON
Rendering to ../index.html
Page refreshed
Rendering to ../m/index.html
Page refreshed
Loading URL: http://www.konachan.net/post.json?limit=100&tags=miyase_mahiro
Success, decoding JSON
update cache file  ../c/artist/miyase_mahiro/cache.json
new cache size  41
show posts order by time, reverse
Rendering to ../c/artist/miyase_mahiro/index.html
Page refreshed
Rendering to ../c/artist/miyase_mahiro/m/index.html
Page refreshed
Rendering to ../c/artist/miyase_mahiro/q/index.html
Page refreshed
Rendering to ../c/artist/miyase_mahiro/q/m/index.html
Page refreshed
Rendering to ../c/artist/miyase_mahiro/e/index.html
Page refreshed
Rendering to ../c/artist/miyase_mahiro/e/m/index.html
Page refreshed

C:\Users\Administrator\proj\konachan100.github.io\src>cd .. 

C:\Users\Administrator\proj\konachan100.github.io>git diff --stat 
 c/artist/miyase_mahiro/q/post.json |   2 +-
 log.txt                            | 116 ++++++++++++++++++-------------------
 2 files changed, 59 insertions(+), 59 deletions(-)

C:\Users\Administrator\proj\konachan100.github.io>git add * 

C:\Users\Administrator\proj\konachan100.github.io>git commit -m "update content" 
[master 25f1dffd] update content
 2 files changed, 59 insertions(+), 59 deletions(-)

C:\Users\Administrator\proj\konachan100.github.io>git push 


================================================================================
2020/03/02 周一 19:46:14.16

C:\Users\Administrator\proj\konachan100.github.io>git pull 
Already up to date.

C:\Users\Administrator\proj\konachan100.github.io>if not exist "src" git clone git@github.com:konachan100/konachan100-src.git src 

C:\Users\Administrator\proj\konachan100.github.io>cd src 

C:\Users\Administrator\proj\konachan100.github.io\src>call gen.bat 

C:\Users\Administrator\proj\konachan100.github.io\src>git pull 
Already up to date.

C:\Users\Administrator\proj\konachan100.github.io\src>python konachan100.py 
build targets:  ['s', 'q', 'e']
Build count:  256
Current build: Home[1], Categoary[16]
Loading URL: http://www.konachan.net/post.json?limit=100&tags=rating:questionable
Success, decoding JSON
Rendering to ../q/index.html
Page refreshed
Rendering to ../q/m/index.html
Page refreshed
Loading URL: http://www.konachan.net/post.json?limit=100&tags=kino_(kino_konomi)
Success, decoding JSON
update cache file  ../c/artist/kino_(kino_konomi)/cache.json
new cache size  73
show posts order by time, reverse
Rendering to ../c/artist/kino_(kino_konomi)/index.html
Page refreshed
Rendering to ../c/artist/kino_(kino_konomi)/m/index.html
Page refreshed
Rendering to ../c/artist/kino_(kino_konomi)/q/index.html
Page refreshed
Rendering to ../c/artist/kino_(kino_konomi)/q/m/index.html
Page refreshed
Rendering to ../c/artist/kino_(kino_konomi)/e/index.html
Page refreshed
Rendering to ../c/artist/kino_(kino_konomi)/e/m/index.html
Page refreshed

C:\Users\Administrator\proj\konachan100.github.io\src>cd .. 

C:\Users\Administrator\proj\konachan100.github.io>git diff --stat 
 log.txt | 118 ++++++++++++++++++++++++++++++++--------------------------------
 1 file changed, 59 insertions(+), 59 deletions(-)

C:\Users\Administrator\proj\konachan100.github.io>git add * 

C:\Users\Administrator\proj\konachan100.github.io>git commit -m "update content" 
[master 330e8449] update content
 1 file changed, 59 insertions(+), 59 deletions(-)

C:\Users\Administrator\proj\konachan100.github.io>git push 


================================================================================
2020/03/02 周一 19:51:36.20

C:\Users\Administrator\proj\konachan100.github.io>git pull 
Already up to date.

C:\Users\Administrator\proj\konachan100.github.io>if not exist "src" git clone git@github.com:konachan100/konachan100-src.git src 

C:\Users\Administrator\proj\konachan100.github.io>cd src 

C:\Users\Administrator\proj\konachan100.github.io\src>call gen.bat 

C:\Users\Administrator\proj\konachan100.github.io\src>git pull 
Already up to date.

C:\Users\Administrator\proj\konachan100.github.io\src>python konachan100.py 
build targets:  ['s', 'q', 'e']
Build count:  257
Current build: Home[2], Categoary[17]
Loading URL: http://www.konachan.net/post.json?limit=100&tags=rating:explicit
Success, decoding JSON
Rendering to ../e/index.html
Page refreshed
Rendering to ../e/m/index.html
Page refreshed
Loading URL: http://www.konachan.net/post.json?limit=100&tags=ryo
Success, decoding JSON
update cache file  ../c/artist/ryo/cache.json
new cache size  55
show posts order by time, reverse
Rendering to ../c/artist/ryo/index.html
Page refreshed
Rendering to ../c/artist/ryo/m/index.html
Page refreshed
Rendering to ../c/artist/ryo/q/index.html
Page refreshed
Rendering to ../c/artist/ryo/q/m/index.html
Page refreshed
Rendering to ../c/artist/ryo/e/index.html
Page refreshed
Rendering to ../c/artist/ryo/e/m/index.html
Page refreshed

C:\Users\Administrator\proj\konachan100.github.io\src>cd .. 

C:\Users\Administrator\proj\konachan100.github.io>git diff --stat 
 log.txt | 116 ++++++++++++++++++++++++++++++++--------------------------------
 1 file changed, 58 insertions(+), 58 deletions(-)

C:\Users\Administrator\proj\konachan100.github.io>git add * 

C:\Users\Administrator\proj\konachan100.github.io>git commit -m "update content" 
[master eaa3d2f0] update content
 1 file changed, 58 insertions(+), 58 deletions(-)

C:\Users\Administrator\proj\konachan100.github.io>git push 


================================================================================
2020/03/02 周一 19:57:13.17

C:\Users\Administrator\proj\konachan100.github.io>git pull 
Already up to date.

C:\Users\Administrator\proj\konachan100.github.io>if not exist "src" git clone git@github.com:konachan100/konachan100-src.git src 

C:\Users\Administrator\proj\konachan100.github.io>cd src 

C:\Users\Administrator\proj\konachan100.github.io\src>call gen.bat 

C:\Users\Administrator\proj\konachan100.github.io\src>git pull 
Already up to date.

C:\Users\Administrator\proj\konachan100.github.io\src>python konachan100.py 
build targets:  ['s', 'q', 'e']
Build count:  258
Current build: Home[0], Categoary[18]
Loading URL: http://www.konachan.net/post.json?limit=100&tags=rating:safe
Failed, timed out
Loading URL: http://www.konachan.net/post.json?limit=100&tags=mivit
Failed, timed out

C:\Users\Administrator\proj\konachan100.github.io\src>cd .. 

C:\Users\Administrator\proj\konachan100.github.io>git diff --stat 
 log.txt | 97 ++++++++++++++++++++++++++---------------------------------------
 1 file changed, 39 insertions(+), 58 deletions(-)

C:\Users\Administrator\proj\konachan100.github.io>git add * 

C:\Users\Administrator\proj\konachan100.github.io>git commit -m "update content" 
[master f010bb9c] update content
 1 file changed, 39 insertions(+), 58 deletions(-)

C:\Users\Administrator\proj\konachan100.github.io>git push 


================================================================================
2020/03/02 周一 20:03:52.12

C:\Users\Administrator\proj\konachan100.github.io>git pull 
Already up to date.

C:\Users\Administrator\proj\konachan100.github.io>if not exist "src" git clone git@github.com:konachan100/konachan100-src.git src 

C:\Users\Administrator\proj\konachan100.github.io>cd src 

C:\Users\Administrator\proj\konachan100.github.io\src>call gen.bat 

C:\Users\Administrator\proj\konachan100.github.io\src>git pull 
Already up to date.

C:\Users\Administrator\proj\konachan100.github.io\src>python konachan100.py 
build targets:  ['s', 'q', 'e']
Build count:  259
Current build: Home[1], Categoary[19]
Loading URL: http://www.konachan.net/post.json?limit=100&tags=rating:questionable
Success, decoding JSON
Rendering to ../q/index.html
Page refreshed
Rendering to ../q/m/index.html
Page refreshed
Loading URL: http://www.konachan.net/post.json?limit=100&tags=hiten_goane_ryu
Success, decoding JSON
update cache file  ../c/artist/hiten_goane_ryu/cache.json
new cache size  91
show posts order by time, reverse
Rendering to ../c/artist/hiten_goane_ryu/index.html
Page refreshed
Rendering to ../c/artist/hiten_goane_ryu/m/index.html
Page refreshed
Rendering to ../c/artist/hiten_goane_ryu/q/index.html
Page refreshed
Rendering to ../c/artist/hiten_goane_ryu/q/m/index.html
Page refreshed
Rendering to ../c/artist/hiten_goane_ryu/e/index.html
Page refreshed
Rendering to ../c/artist/hiten_goane_ryu/e/m/index.html
Page refreshed

C:\Users\Administrator\proj\konachan100.github.io\src>cd .. 

C:\Users\Administrator\proj\konachan100.github.io>git diff --stat 
 log.txt | 97 +++++++++++++++++++++++++++++++++++++++--------------------------
 1 file changed, 58 insertions(+), 39 deletions(-)

C:\Users\Administrator\proj\konachan100.github.io>git add * 

C:\Users\Administrator\proj\konachan100.github.io>git commit -m "update content" 
[master cd25eb01] update content
 1 file changed, 58 insertions(+), 39 deletions(-)

C:\Users\Administrator\proj\konachan100.github.io>git push 


================================================================================
2020/03/02 周一 20:09:25.14

C:\Users\Administrator\proj\konachan100.github.io>git pull 
Already up to date.

C:\Users\Administrator\proj\konachan100.github.io>if not exist "src" git clone git@github.com:konachan100/konachan100-src.git src 

C:\Users\Administrator\proj\konachan100.github.io>cd src 

C:\Users\Administrator\proj\konachan100.github.io\src>call gen.bat 

C:\Users\Administrator\proj\konachan100.github.io\src>git pull 
Already up to date.

C:\Users\Administrator\proj\konachan100.github.io\src>python konachan100.py 
build targets:  ['s', 'q', 'e']
Build count:  260
Current build: Home[2], Categoary[20]
Loading URL: http://www.konachan.net/post.json?limit=100&tags=rating:explicit
Success, decoding JSON
Rendering to ../e/index.html
Page refreshed
Rendering to ../e/m/index.html
Page refreshed
Loading URL: http://www.konachan.net/post.json?limit=100&tags=fujisaki_hikari
Success, decoding JSON
update cache file  ../c/artist/fujisaki_hikari/cache.json
new cache size  31
show posts order by time, reverse
Rendering to ../c/artist/fujisaki_hikari/index.html
Page refreshed
Rendering to ../c/artist/fujisaki_hikari/m/index.html
Page refreshed
Rendering to ../c/artist/fujisaki_hikari/q/index.html
Page refreshed
Rendering to ../c/artist/fujisaki_hikari/q/m/index.html
Page refreshed
Rendering to ../c/artist/fujisaki_hikari/e/index.html
Page refreshed
Rendering to ../c/artist/fujisaki_hikari/e/m/index.html
Page refreshed

C:\Users\Administrator\proj\konachan100.github.io\src>cd .. 

C:\Users\Administrator\proj\konachan100.github.io>git diff --stat 
